Component: Arm Compiler for Embedded 6.18 Tool: armlink [5e4cc100]

==============================================================================

Section Cross References

    startup_stm32l476xx.o(STACK) refers (Special) to heapauxi.o(.text) for __use_two_region_memory
    startup_stm32l476xx.o(HEAP) refers (Special) to heapauxi.o(.text) for __use_two_region_memory
    startup_stm32l476xx.o(RESET) refers (Special) to heapauxi.o(.text) for __use_two_region_memory
    startup_stm32l476xx.o(RESET) refers to startup_stm32l476xx.o(STACK) for __initial_sp
    startup_stm32l476xx.o(RESET) refers to startup_stm32l476xx.o(.text) for Reset_Handler
    startup_stm32l476xx.o(RESET) refers to stm32l4xx_mc_it.o(.text.HardFault_Handler) for HardFault_Handler
    startup_stm32l476xx.o(RESET) refers to port.o(.text.SVC_Handler) for SVC_Handler
    startup_stm32l476xx.o(RESET) refers to port.o(.text.PendSV_Handler) for PendSV_Handler
    startup_stm32l476xx.o(RESET) refers to port.o(.text.SysTick_Handler) for SysTick_Handler
    startup_stm32l476xx.o(RESET) refers to stm32l4xx_mc_it.o(.text.DMA1_Channel6_IRQHandler) for DMA1_Channel6_IRQHandler
    startup_stm32l476xx.o(RESET) refers to stm32l4xx_mc_it.o(.text.ADC1_2_IRQHandler) for ADC1_2_IRQHandler
    startup_stm32l476xx.o(RESET) refers to stm32l4xx_mc_it.o(.text.TIM1_BRK_TIM15_IRQHandler) for TIM1_BRK_TIM15_IRQHandler
    startup_stm32l476xx.o(RESET) refers to stm32l4xx_mc_it.o(.text.TIM1_UP_TIM16_IRQHandler) for TIM1_UP_TIM16_IRQHandler
    startup_stm32l476xx.o(RESET) refers to stm32l4xx_mc_it.o(.text.TIM3_IRQHandler) for TIM3_IRQHandler
    startup_stm32l476xx.o(RESET) refers to stm32l4xx_mc_it.o(.text.USART2_IRQHandler) for USART2_IRQHandler
    startup_stm32l476xx.o(RESET) refers to stm32l4xx_mc_it.o(.text.EXTI15_10_IRQHandler) for EXTI15_10_IRQHandler
    startup_stm32l476xx.o(RESET) refers to stm32l4xx_it.o(.text.TIM6_DAC_IRQHandler) for TIM6_DAC_IRQHandler
    startup_stm32l476xx.o(.text) refers (Special) to heapauxi.o(.text) for __use_two_region_memory
    startup_stm32l476xx.o(.text) refers to system_stm32l4xx.o(.text.SystemInit) for SystemInit
    startup_stm32l476xx.o(.text) refers to __main.o(!!!main) for __main
    startup_stm32l476xx.o(.text) refers to startup_stm32l476xx.o(HEAP) for Heap_Mem
    startup_stm32l476xx.o(.text) refers to startup_stm32l476xx.o(STACK) for Stack_Mem
    main.o(.text.main) refers to stm32l4xx_hal.o(.text.HAL_Init) for HAL_Init
    main.o(.text.main) refers to rt_memclr_w.o(.text) for __aeabi_memclr4
    main.o(.text.main) refers to stm32l4xx_hal_pwr_ex.o(.text.HAL_PWREx_ControlVoltageScaling) for HAL_PWREx_ControlVoltageScaling
    main.o(.text.main) refers to stm32l4xx_hal_rcc.o(.text.HAL_RCC_OscConfig) for HAL_RCC_OscConfig
    main.o(.text.main) refers to stm32l4xx_hal_rcc.o(.text.HAL_RCC_ClockConfig) for HAL_RCC_ClockConfig
    main.o(.text.main) refers to stm32l4xx_hal_gpio.o(.text.HAL_GPIO_WritePin) for HAL_GPIO_WritePin
    main.o(.text.main) refers to stm32l4xx_hal_gpio.o(.text.HAL_GPIO_Init) for HAL_GPIO_Init
    main.o(.text.main) refers to main.o(.bss.hadc1) for hadc1
    main.o(.text.main) refers to stm32l4xx_hal_adc.o(.text.HAL_ADC_Init) for HAL_ADC_Init
    main.o(.text.main) refers to stm32l4xx_hal_adc_ex.o(.text.HAL_ADCEx_MultiModeConfigChannel) for HAL_ADCEx_MultiModeConfigChannel
    main.o(.text.main) refers to stm32l4xx_hal_adc_ex.o(.text.HAL_ADCEx_DisableInjectedQueue) for HAL_ADCEx_DisableInjectedQueue
    main.o(.text.main) refers to stm32l4xx_hal_adc_ex.o(.text.HAL_ADCEx_InjectedConfigChannel) for HAL_ADCEx_InjectedConfigChannel
    main.o(.text.main) refers to stm32l4xx_hal_adc.o(.text.HAL_ADC_ConfigChannel) for HAL_ADC_ConfigChannel
    main.o(.text.main) refers to main.o(.bss..L_MergedGlobals) for .L_MergedGlobals
    main.o(.text.main) refers to stm32l4xx_hal_tim.o(.text.HAL_TIM_Base_Init) for HAL_TIM_Base_Init
    main.o(.text.main) refers to stm32l4xx_hal_tim.o(.text.HAL_TIM_PWM_Init) for HAL_TIM_PWM_Init
    main.o(.text.main) refers to stm32l4xx_hal_tim.o(.text.HAL_TIM_SlaveConfigSynchro) for HAL_TIM_SlaveConfigSynchro
    main.o(.text.main) refers to stm32l4xx_hal_tim_ex.o(.text.HAL_TIMEx_MasterConfigSynchronization) for HAL_TIMEx_MasterConfigSynchronization
    main.o(.text.main) refers to stm32l4xx_hal_tim_ex.o(.text.HAL_TIMEx_ConfigBreakInput) for HAL_TIMEx_ConfigBreakInput
    main.o(.text.main) refers to stm32l4xx_hal_tim.o(.text.HAL_TIM_PWM_ConfigChannel) for HAL_TIM_PWM_ConfigChannel
    main.o(.text.main) refers to stm32l4xx_hal_tim_ex.o(.text.HAL_TIMEx_ConfigBreakDeadTime) for HAL_TIMEx_ConfigBreakDeadTime
    main.o(.text.main) refers to stm32l4xx_hal_msp.o(.text.HAL_TIM_MspPostInit) for HAL_TIM_MspPostInit
    main.o(.text.main) refers to main.o(.bss.huart2) for huart2
    main.o(.text.main) refers to stm32l4xx_hal_uart.o(.text.HAL_UART_Init) for HAL_UART_Init
    main.o(.text.main) refers to motorcontrol.o(.text.MX_MotorControl_Init) for MX_MotorControl_Init
[...]
    PID_Controller                           0x080051f5   Thumb Code    68  pid_regulator.o(.text.PID_Controller)
    PID_GetKD                                0x08005239   Thumb Code     6  pid_regulator.o(.text.PID_GetKD)
    PID_GetKDDivisorPOW2                     0x08005241   Thumb Code     4  pid_regulator.o(.text.PID_GetKDDivisorPOW2)
    PID_GetKI                                0x08005245   Thumb Code     6  pid_regulator.o(.text.PID_GetKI)
    PID_GetKIDivisorPOW2                     0x0800524d   Thumb Code     4  pid_regulator.o(.text.PID_GetKIDivisorPOW2)
    PID_GetKP                                0x08005251   Thumb Code     6  pid_regulator.o(.text.PID_GetKP)
    PID_GetKPDivisorPOW2                     0x08005259   Thumb Code     4  pid_regulator.o(.text.PID_GetKPDivisorPOW2)
    PID_HandleInit                           0x0800525d   Thumb Code    16  pid_regulator.o(.text.PID_HandleInit)
    PID_SetIntegralTerm                      0x0800526d   Thumb Code     4  pid_regulator.o(.text.PID_SetIntegralTerm)
    PID_SetKD                                0x08005271   Thumb Code     4  pid_regulator.o(.text.PID_SetKD)
    PID_SetKDDivisorPOW2                     0x08005275   Thumb Code    12  pid_regulator.o(.text.PID_SetKDDivisorPOW2)
    PID_SetKI                                0x08005281   Thumb Code     4  pid_regulator.o(.text.PID_SetKI)
    PID_SetKIDivisorPOW2                     0x08005285   Thumb Code    50  pid_regulator.o(.text.PID_SetKIDivisorPOW2)
    PID_SetKP                                0x080052b9   Thumb Code     4  pid_regulator.o(.text.PID_SetKP)
    PID_SetKPDivisorPOW2                     0x080052bd   Thumb Code    12  pid_regulator.o(.text.PID_SetKPDivisorPOW2)
    PID_SetLowerIntegralTermLimit            0x080052c9   Thumb Code     4  pid_regulator.o(.text.PID_SetLowerIntegralTermLimit)
    PID_SetUpperIntegralTermLimit            0x080052cd   Thumb Code     4  pid_regulator.o(.text.PID_SetUpperIntegralTermLimit)
    PI_Controller                            0x080052d1   Thumb Code   144  pid_regulator.o(.text.PI_Controller)
    PQD_CalcElMotorPower                     0x08005361   Thumb Code    40  pqd_motor_power_measurement.o(.text.PQD_CalcElMotorPower)
    PQD_Clear                                0x08005389   Thumb Code     6  pqd_motor_power_measurement.o(.text.PQD_Clear)
    PQD_GetAvrgElMotorPowerW                 0x08005391   Thumb Code    52  pqd_motor_power_measurement.o(.text.PQD_GetAvrgElMotorPowerW)
    PWMC_CurrentReadingCalibr                0x080053c5   Thumb Code    60  pwm_curr_fdbk.o(.text.PWMC_CurrentReadingCalibr)
    PWMC_DP_Handler                          0x08005401   Thumb Code    68  pwm_curr_fdbk.o(.text.PWMC_DP_Handler)
    PWMC_GetPhaseCurrents                    0x08005445   Thumb Code     4  pwm_curr_fdbk.o(.text.PWMC_GetPhaseCurrents)
    PWMC_IsFaultOccurred                     0x08005449   Thumb Code    56  pwm_curr_fdbk.o(.text.PWMC_IsFaultOccurred)
    PWMC_OVP_Handler                         0x08005481   Thumb Code    26  pwm_curr_fdbk.o(.text.PWMC_OVP_Handler)
    PWMC_SetPhaseVoltage                     0x0800549d   Thumb Code   564  pwm_curr_fdbk.o(.text.PWMC_SetPhaseVoltage)
    PWMC_SwitchOffPWM                        0x080056d1   Thumb Code     4  pwm_curr_fdbk.o(.text.PWMC_SwitchOffPWM)
    PWMC_SwitchOnPWM                         0x080056d5   Thumb Code     4  pwm_curr_fdbk.o(.text.PWMC_SwitchOnPWM)
    PendSV_Handler                           0x080056e1   Thumb Code   100  port.o(.text.PendSV_Handler)
    R3_1_CurrentReadingCalibration           0x0800575d   Thumb Code   302  r3_1_l4xx_pwm_curr_fdbk.o(.text.R3_1_CurrentReadingCalibration)
    R3_1_GetOffsetCalib                      0x0800588d   Thumb Code    16  r3_1_l4xx_pwm_curr_fdbk.o(.text.R3_1_GetOffsetCalib)
    R3_1_GetPhaseCurrents                    0x0800589d   Thumb Code   288  r3_1_l4xx_pwm_curr_fdbk.o(.text.R3_1_GetPhaseCurrents)
    R3_1_HFCurrentsCalibrationAB             0x080059bd   Thumb Code    66  r3_1_l4xx_pwm_curr_fdbk.o(.text.R3_1_HFCurrentsCalibrationAB)
    R3_1_HFCurrentsCalibrationC              0x08005a01   Thumb Code    54  r3_1_l4xx_pwm_curr_fdbk.o(.text.R3_1_HFCurrentsCalibrationC)
    R3_1_Init                                0x08005a39   Thumb Code   306  r3_1_l4xx_pwm_curr_fdbk.o(.text.R3_1_Init)
    R3_1_RLDetectionModeDisable              0x08005b6d   Thumb Code   368  r3_1_l4xx_pwm_curr_fdbk.o(.text.R3_1_RLDetectionModeDisable)
    R3_1_RLDetectionModeEnable               0x08005cdd   Thumb Code   210  r3_1_l4xx_pwm_curr_fdbk.o(.text.R3_1_RLDetectionModeEnable)
    R3_1_RLDetectionModeSetDuty              0x08005db1   Thumb Code    56  r3_1_l4xx_pwm_curr_fdbk.o(.text.R3_1_RLDetectionModeSetDuty)
    R3_1_RLTurnOnLowSidesAndStart            0x08005f71   Thumb Code   164  r3_1_l4xx_pwm_curr_fdbk.o(.text.R3_1_RLTurnOnLowSidesAndStart)
    R3_1_SetADCSampPointCalibration          0x08006015   Thumb Code    26  r3_1_l4xx_pwm_curr_fdbk.o(.text.R3_1_SetADCSampPointCalibration)
    R3_1_SetADCSampPointSectX                0x08006031   Thumb Code   110  r3_1_l4xx_pwm_curr_fdbk.o(.text.R3_1_SetADCSampPointSectX)
    R3_1_SetOffsetCalib                      0x080060a1   Thumb Code    22  r3_1_l4xx_pwm_curr_fdbk.o(.text.R3_1_SetOffsetCalib)
    R3_1_SwitchOffPWM                        0x080060b9   Thumb Code   114  r3_1_l4xx_pwm_curr_fdbk.o(.text.R3_1_SwitchOffPWM)
    R3_1_SwitchOnPWM                         0x0800612d   Thumb Code   168  r3_1_l4xx_pwm_curr_fdbk.o(.text.R3_1_SwitchOnPWM)
    R3_1_TIMx_UP_IRQHandler                  0x080061d5   Thumb Code    72  r3_1_l4xx_pwm_curr_fdbk.o(.text.R3_1_TIMx_UP_IRQHandler)
    R3_1_TurnOnLowSides                      0x0800621d   Thumb Code   104  r3_1_l4xx_pwm_curr_fdbk.o(.text.R3_1_TurnOnLowSides)
    R3_1_WriteTIMRegisters                   0x08006285   Thumb Code    56  r3_1_l4xx_pwm_curr_fdbk.o(.text.R3_1_WriteTIMRegisters)
    RCM_ExecRegularConv                      0x08006575   Thumb Code   126  regular_conversion_manager.o(.text.RCM_ExecRegularConv)
    RCM_ExecUserConv                         0x080065f5   Thumb Code   182  regular_conversion_manager.o(.text.RCM_ExecUserConv)
    RCM_RegisterRegConv                      0x080066ad   Thumb Code   350  regular_conversion_manager.o(.text.RCM_RegisterRegConv)
    REMNG_Init                               0x0800680d   Thumb Code    16  ramp_ext_mngr.o(.text.REMNG_Init)
    RI_GetIDSize                             0x0800681d   Thumb Code    30  register_interface.o(.text.RI_GetIDSize)
    RI_GetPtrReg                             0x0800683d   Thumb Code   328  register_interface.o(.text.RI_GetPtrReg)
    RI_GetRegisterGlobal                     0x08006985   Thumb Code   582  register_interface.o(.text.RI_GetRegisterGlobal)
    RI_GetRegisterMotor1                     0x08006bcd   Thumb Code  1914  register_interface.o(.text.RI_GetRegisterMotor1)
    RI_SetRegisterGlobal                     0x08007349   Thumb Code   294  register_interface.o(.text.RI_SetRegisterGlobal)
    RI_SetRegisterMotor1                     0x08007471   Thumb Code  1554  register_interface.o(.text.RI_SetRegisterMotor1)
    RVBS_CalcAvVbus                          0x08007a85   Thumb Code   170  r_divider_bus_voltage_sensor.o(.text.RVBS_CalcAvVbus)
    RVBS_CheckFaultState                     0x08007b31   Thumb Code    78  r_divider_bus_voltage_sensor.o(.text.RVBS_CheckFaultState)
    RVBS_Clear                               0x08007b81   Thumb Code    94  r_divider_bus_voltage_sensor.o(.text.RVBS_Clear)
    RVBS_Init                                0x08007be1   Thumb Code     4  r_divider_bus_voltage_sensor.o(.text.RVBS_Init)
    SPD_GetAvrgMecSpeedUnit                  0x08007be5   Thumb Code     6  speed_pos_fdbk.o(.text.SPD_GetAvrgMecSpeedUnit)
    SPD_GetElAngle                           0x08007bed   Thumb Code     6  speed_pos_fdbk.o(.text.SPD_GetElAngle)
    SPD_GetInstElSpeedDpp                    0x08007bf5   Thumb Code     6  speed_pos_fdbk.o(.text.SPD_GetInstElSpeedDpp)
    SPD_GetMecAngle                          0x08007bfd   Thumb Code     4  speed_pos_fdbk.o(.text.SPD_GetMecAngle)
    SPD_GetS16Speed                          0x08007c01   Thumb Code    20  speed_pos_fdbk.o(.text.SPD_GetS16Speed)
    SPD_IsMecSpeedReliable                   0x08007c15   Thumb Code    88  speed_pos_fdbk.o(.text.SPD_IsMecSpeedReliable)
    STC_CalcTorqueReference                  0x08007c6d   Thumb Code    84  speed_torq_ctrl.o(.text.STC_CalcTorqueReference)
    STC_Clear                                0x08007cc1   Thumb Code    16  speed_torq_ctrl.o(.text.STC_Clear)
    STC_ExecRamp                             0x08007cd1   Thumb Code   156  speed_torq_ctrl.o(.text.STC_ExecRamp)
    STC_ForceSpeedReferenceToCurrentSpeed    0x08007d6d   Thumb Code    16  speed_torq_ctrl.o(.text.STC_ForceSpeedReferenceToCurrentSpeed)
    STC_GetDefaultIqdref                     0x08007d7d   Thumb Code     6  speed_torq_ctrl.o(.text.STC_GetDefaultIqdref)
    STC_GetMecSpeedRefUnit                   0x08007d85   Thumb Code     6  speed_torq_ctrl.o(.text.STC_GetMecSpeedRefUnit)
    STC_GetMecSpeedRefUnitDefault            0x08007d8d   Thumb Code     6  speed_torq_ctrl.o(.text.STC_GetMecSpeedRefUnitDefault)
    STC_GetSpeedSensor                       0x08007d95   Thumb Code     4  speed_torq_ctrl.o(.text.STC_GetSpeedSensor)
    STC_GetTorqueRef                         0x08007d99   Thumb Code     6  speed_torq_ctrl.o(.text.STC_GetTorqueRef)
    STC_Init                                 0x08007da1   Thumb Code    42  speed_torq_ctrl.o(.text.STC_Init)
    STC_SetControlMode                       0x08007dcd   Thumb Code     8  speed_torq_ctrl.o(.text.STC_SetControlMode)
    STC_SetSpeedSensor                       0x08007dd5   Thumb Code     4  speed_torq_ctrl.o(.text.STC_SetSpeedSensor)
    STC_StopRamp                             0x08007dd9   Thumb Code     8  speed_torq_ctrl.o(.text.STC_StopRamp)
    SVC_Handler                              0x08007de1   Thumb Code    36  port.o(.text.SVC_Handler)
    StartSafetyTask                          0x08007e11   Thumb Code    12  mc_tasks.o(.text.StartSafetyTask)
    SysTick_Handler                          0x08007e1d   Thumb Code    46  port.o(.text.SysTick_Handler)
    SystemInit                               0x08007e4d   Thumb Code    18  system_stm32l4xx.o(.text.SystemInit)
    TC_EncAlignmentCommand                   0x08007e61   Thumb Code   304  trajectory_ctrl.o(.text.TC_EncAlignmentCommand)
    TC_FollowCommand                         0x08007f91   Thumb Code   160  trajectory_ctrl.o(.text.TC_FollowCommand)
    TC_GetAlignmentStatus                    0x08008031   Thumb Code     6  trajectory_ctrl.o(.text.TC_GetAlignmentStatus)
    TC_GetControlPositionStatus              0x08008039   Thumb Code     6  trajectory_ctrl.o(.text.TC_GetControlPositionStatus)
    TC_GetCurrentPosition                    0x08008041   Thumb Code    36  trajectory_ctrl.o(.text.TC_GetCurrentPosition)
    TC_GetMoveDuration                       0x08008065   Thumb Code     6  trajectory_ctrl.o(.text.TC_GetMoveDuration)
    TC_GetTargetPosition                     0x0800806d   Thumb Code     6  trajectory_ctrl.o(.text.TC_GetTargetPosition)
    TC_Init                                  0x08008075   Thumb Code    62  trajectory_ctrl.o(.text.TC_Init)
    TC_MoveCommand                           0x080080b5   Thumb Code   234  trajectory_ctrl.o(.text.TC_MoveCommand)
    TC_MoveExecution                         0x080081a1   Thumb Code   260  trajectory_ctrl.o(.text.TC_MoveExecution)
    TC_PositionRegulation                    0x080082a5   Thumb Code   148  trajectory_ctrl.o(.text.TC_PositionRegulation)
    TIM1_BRK_TIM15_IRQHandler                0x08008339   Thumb Code    86  stm32l4xx_mc_it.o(.text.TIM1_BRK_TIM15_IRQHandler)
    TIM1_UP_TIM16_IRQHandler                 0x08008391   Thumb Code    26  stm32l4xx_mc_it.o(.text.TIM1_UP_TIM16_IRQHandler)
    TIM3_IRQHandler                          0x080083ad   Thumb Code    42  stm32l4xx_mc_it.o(.text.TIM3_IRQHandler)
    TIM6_DAC_IRQHandler                      0x080083d9   Thumb Code    12  stm32l4xx_it.o(.text.TIM6_DAC_IRQHandler)
    TIM_Base_SetConfig                       0x080083e5   Thumb Code   318  stm32l4xx_hal_tim.o(.text.TIM_Base_SetConfig)
    TSK_ChargeBootCapDelayHasElapsedM1       0x08008601   Thumb Code    18  mc_tasks.o(.text.TSK_ChargeBootCapDelayHasElapsedM1)
    TSK_HardwareFaultTask                    0x08008615   Thumb Code    36  mc_tasks.o(.text.TSK_HardwareFaultTask)
    TSK_HighFrequencyTask                    0x08008639   Thumb Code   280  mc_tasks.o(.text.TSK_HighFrequencyTask)
    TSK_MF_StopProcessing                    0x08008759   Thumb Code    76  mc_tasks.o(.text.TSK_MF_StopProcessing)
    TSK_MediumFrequencyTaskM1                0x080087a5   Thumb Code   838  mc_tasks.o(.text.TSK_MediumFrequencyTaskM1)
    TSK_SafetyTask                           0x08008aed   Thumb Code    32  mc_tasks.o(.text.TSK_SafetyTask)
    TSK_SafetyTask_PWMOFF                    0x08008b0d   Thumb Code   212  mc_tasks.o(.text.TSK_SafetyTask_PWMOFF)
    TSK_SetChargeBootCapDelayM1              0x08008be1   Thumb Code    12  mc_tasks.o(.text.TSK_SetChargeBootCapDelayM1)
    TSK_SetStopPermanencyTimeM1              0x08008bed   Thumb Code    12  mc_tasks.o(.text.TSK_SetStopPermanencyTimeM1)
    TSK_StopPermanencyTimeHasElapsedM1       0x08008bf9   Thumb Code    18  mc_tasks.o(.text.TSK_StopPermanencyTimeHasElapsedM1)
    UART_AdvFeatureConfig                    0x08008c0d   Thumb Code   232  stm32l4xx_hal_uart.o(.text.UART_AdvFeatureConfig)
    UART_CheckIdleState                      0x08008cf5   Thumb Code   360  stm32l4xx_hal_uart.o(.text.UART_CheckIdleState)
    UART_SetConfig                           0x08008e5d   Thumb Code   600  stm32l4xx_hal_uart.o(.text.UART_SetConfig)
    UART_WaitOnFlagUntilTimeout              0x080090c5   Thumb Code   714  stm32l4xx_hal_uart.o(.text.UART_WaitOnFlagUntilTimeout)
    UASPEP_IDLE_ENABLE                       0x08009391   Thumb Code    72  usart_aspep_driver.o(.text.UASPEP_IDLE_ENABLE)
    UASPEP_INIT                              0x080093d9   Thumb Code   332  usart_aspep_driver.o(.text.UASPEP_INIT)
    UASPEP_RECEIVE_BUFFER                    0x08009525   Thumb Code    64  usart_aspep_driver.o(.text.UASPEP_RECEIVE_BUFFER)
    UASPEP_SEND_PACKET                       0x08009565   Thumb Code    58  usart_aspep_driver.o(.text.UASPEP_SEND_PACKET)
    UI_HandleStartStopButton_cb              0x080095a1   Thumb Code    24  mc_tasks.o(.text.UI_HandleStartStopButton_cb)
    USART2_IRQHandler                        0x080095b9   Thumb Code   502  stm32l4xx_mc_it.o(.text.USART2_IRQHandler)
    VBS_GetAvBusVoltage_V                    0x080097b1   Thumb Code    10  bus_voltage_sensor.o(.text.VBS_GetAvBusVoltage_V)
    VSS_Clear                                0x080097bd   Thumb Code    26  virtual_speed_sensor.o(.text.VSS_Clear)
    VSS_Init                                 0x080097d9   Thumb Code     4  virtual_speed_sensor.o(.text.VSS_Init)
    VSS_SetMecAcceleration                   0x080097dd   Thumb Code   148  virtual_speed_sensor.o(.text.VSS_SetMecAcceleration)
    VSS_SetMecAngle                          0x08009871   Thumb Code    14  virtual_speed_sensor.o(.text.VSS_SetMecAngle)
    main                                     0x08009881   Thumb Code  1382  main.o(.text.main)
    mc_lock_pins                             0x08009de9   Thumb Code   334  mc_tasks.o(.text.mc_lock_pins)
    osKernelStart                            0x08009f39   Thumb Code    10  cmsis_os.o(.text.osKernelStart)
    osThreadCreate                           0x08009f45   Thumb Code    92  cmsis_os.o(.text.osThreadCreate)
    pvPortMalloc                             0x0800a2a5   Thumb Code   522  heap_4.o(.text.pvPortMalloc)
    pxPortInitialiseStack                    0x0800a4b1   Thumb Code    40  port.o(.text.pxPortInitialiseStack)
    startMediumFrequencyTask                 0x0800a4d9   Thumb Code    12  mc_tasks.o(.text.startMediumFrequencyTask)
    startTimers                              0x0800a4e5   Thumb Code    98  pwm_common.o(.text.startTimers)
    uxListRemove                             0x0800a549   Thumb Code    36  list.o(.text.uxListRemove)
    vApplicationGetIdleTaskMemory            0x0800a56d   Thumb Code    26  freertos.o(.text.vApplicationGetIdleTaskMemory)
    vListInitialise                          0x0800a589   Thumb Code    22  list.o(.text.vListInitialise)
    vListInitialiseItem                      0x0800a5a1   Thumb Code     6  list.o(.text.vListInitialiseItem)
    vListInsert                              0x0800a5a9   Thumb Code    98  list.o(.text.vListInsert)
    vListInsertEnd                           0x0800a60d   Thumb Code    28  list.o(.text.vListInsertEnd)
    vPortEnterCritical                       0x0800a63d   Thumb Code    70  port.o(.text.vPortEnterCritical)
    vPortExitCritical                        0x0800a685   Thumb Code    46  port.o(.text.vPortExitCritical)
    vPortFree                                0x0800a6b5   Thumb Code   212  heap_4.o(.text.vPortFree)
    vPortSetupTimerInterrupt                 0x0800a789   Thumb Code    28  motorcontrol.o(.text.vPortSetupTimerInterrupt)
    vTaskDelay                               0x0800a7a5   Thumb Code   158  tasks.o(.text.vTaskDelay)
    vTaskStartScheduler                      0x0800a845   Thumb Code   196  tasks.o(.text.vTaskStartScheduler)
    vTaskSuspendAll                          0x0800a911   Thumb Code    16  tasks.o(.text.vTaskSuspendAll)
    vTaskSwitchContext                       0x0800a921   Thumb Code   110  tasks.o(.text.vTaskSwitchContext)
    waitForPolarizationEnd                   0x0800a991   Thumb Code    76  pwm_common.o(.text.waitForPolarizationEnd)
    xPortStartScheduler                      0x0800a9dd   Thumb Code   388  port.o(.text.xPortStartScheduler)
    xTaskCreate                              0x0800ab61   Thumb Code    96  tasks.o(.text.xTaskCreate)
    xTaskCreateStatic                        0x0800abc1   Thumb Code   118  tasks.o(.text.xTaskCreateStatic)
    xTaskIncrementTick                       0x0800ac39   Thumb Code   262  tasks.o(.text.xTaskIncrementTick)
    xTaskResumeAll                           0x0800ad41   Thumb Code   234  tasks.o(.text.xTaskResumeAll)
    _fp_init                                 0x0800ae2b   Thumb Code    26  fpinit.o(x$fpl$fpinit)
    __fplib_config_fpu_vfp                   0x0800ae43   Thumb Code     0  fpinit.o(x$fpl$fpinit)
    __fplib_config_pureend_doubles           0x0800ae43   Thumb Code     0  fpinit.o(x$fpl$fpinit)
    AHBPrescTable                            0x0800ae8c   Data          16  system_stm32l4xx.o(.rodata.AHBPrescTable)
    APBPrescTable                            0x0800ae9c   Data           8  system_stm32l4xx.o(.rodata.APBPrescTable)
    CTL_BOARD                                0x0800afab   Data          14  mc_configuration_registers.o(.rodata.CTL_BOARD)
    FIRMWARE_NAME                            0x0800afb9   Data          20  mc_configuration_registers.o(.rodata.FIRMWARE_NAME)
    MSIRangeTable                            0x0800b040   Data          48  system_stm32l4xx.o(.rodata.MSIRangeTable)
    R3_1_ParamsM1                            0x0800b070   Data          48  mc_parameters.o(.rodata.R3_1_ParamsM1)
    globalConfig_reg                         0x0800b0c0   Data          10  mc_configuration_registers.o(.rodata.globalConfig_reg)
    hSin_Cos_Table                           0x0800b0ca   Data         512  mc_math.o(.rodata.hSin_Cos_Table)
    Region$$Table$$Base                      0x0800b2e4   Number         0  anon$$obj.o(Region$$Table)
    Region$$Table$$Limit                     0x0800b304   Number         0  anon$$obj.o(Region$$Table)
    uwTickFreq                               0x20000000   Data           1  stm32l4xx_hal.o(.data..L_MergedGlobals)
    uwTickPrio                               0x20000004   Data           4  stm32l4xx_hal.o(.data..L_MergedGlobals)
    ApplicationConfig_reg                    0x20000008   Data           4  mc_configuration_registers.o(.data.ApplicationConfig_reg)
    BusVoltageSensor_M1                      0x2000000c   Data          28  mc_config.o(.data.BusVoltageSensor_M1)
    CircleLimitationM1                       0x20000028   Data           4  mc_config.o(.data.CircleLimitationM1)
    ENCODER_M1                               0x2000002c   Data         128  mc_config.o(.data.ENCODER_M1)
    EncAlignCtrlM1                           0x200000ac   Data          28  mc_config.o(.data.EncAlignCtrlM1)
    FOCConfig_reg                            0x200000c8   Data           4  mc_configuration_registers.o(.data.FOCConfig_reg)
    MCPA_UART_A                              0x200000cc   Data          44  mcp_config.o(.data.MCPA_UART_A)
    MCP_Over_UartA                           0x200000f8   Data          16  mcp_config.o(.data.MCP_Over_UartA)
    MotorConfig_reg                          0x20000108   Data           4  mc_configuration_registers.o(.data.MotorConfig_reg)
    PIDIdHandle_M1                           0x2000010c   Data          44  mc_config.o(.data.PIDIdHandle_M1)
    PIDIqHandle_M1                           0x20000138   Data          44  mc_config.o(.data.PIDIqHandle_M1)
    PIDSpeedHandle_M1                        0x20000164   Data          44  mc_config.o(.data.PIDSpeedHandle_M1)
    PID_PosParamsM1                          0x20000190   Data          44  mc_config.o(.data.PID_PosParamsM1)
    PQD_MotorPowMeasM1                       0x200001bc   Data          16  mc_config.o(.data.PQD_MotorPowMeasM1)
    PWM_Handle_M1                            0x200001cc   Data         164  mc_config.o(.data.PWM_Handle_M1)
    PWR_BOARD_NAME                           0x20000270   Data           4  mc_configuration_registers.o(.data.PWR_BOARD_NAME)
    PosCtrlM1                                0x20000274   Data         112  mc_config.o(.data.PosCtrlM1)
    RampExtMngrHFParamsM1                    0x200002e4   Data          24  mc_config.o(.data.RampExtMngrHFParamsM1)
    SpeednTorqCtrlM1                         0x200002fc   Data          52  mc_config.o(.data.SpeednTorqCtrlM1)
    SystemCoreClock                          0x20000330   Data           4  system_stm32l4xx.o(.data.SystemCoreClock)
    TempRegConv_M1                           0x20000334   Data          16  mc_config.o(.data.TempRegConv_M1)
    TempSensor_M1                            0x20000344   Data          28  mc_config.o(.data.TempSensor_M1)
    VbusRegConv_M1                           0x20000374   Data          16  mc_config.o(.data.VbusRegConv_M1)
    VirtualSpeedSensorM1                     0x20000384   Data          56  mc_config.o(.data.VirtualSpeedSensorM1)
    aspepOverUartA                           0x200003bc   Data         116  mcp_config.o(.data.aspepOverUartA)
    pMPM                                     0x20000430   Data           4  mc_config.o(.data.pMPM)
    pPIDId                                   0x20000434   Data           4  mc_config.o(.data.pPIDId)
    pPIDIq                                   0x20000438   Data           4  mc_config.o(.data.pPIDIq)
    pPosCtrl                                 0x2000043c   Data           4  mc_config.o(.data.pPosCtrl)
    pSTC                                     0x20000440   Data           4  mc_config.o(.data.pSTC)
    scaleParams_M1                           0x20000444   Data          16  mc_parameters.o(.data.scaleParams_M1)
    __libspace_start                         0x20000458   Data          96  libspace.o(.bss)
    __temporary_stack_top$libspace           0x200004b8   Data           0  libspace.o(.bss)
    mediumFrequencyHandle                    0x200004b8   Data           4  main.o(.bss..L_MergedGlobals)
    safetyHandle                             0x200004bc   Data           4  main.o(.bss..L_MergedGlobals)
    htim1                                    0x200004c0   Data          76  main.o(.bss..L_MergedGlobals)
    PerfTraces                               0x20000548   Data          40  mc_tasks.o(.bss..L_MergedGlobals)
    pxCurrentTCB                             0x200005a8   Data           4  tasks.o(.bss..L_MergedGlobals)
    GLOBAL_TIMESTAMP                         0x20000670   Data           4  mcpa.o(.bss.GLOBAL_TIMESTAMP)
    MCP_UserCallBack                         0x20001790   Data           8  mcp_config.o(.bss.MCP_UserCallBack)
    Mci                                      0x20001798   Data          48  mc_config.o(.bss.Mci)
    hadc1                                    0x2000183c   Data         100  main.o(.bss.hadc1)
    hdma_usart2_rx                           0x200018a0   Data          72  main.o(.bss.hdma_usart2_rx)
    hdma_usart2_tx                           0x200018e8   Data          72  main.o(.bss.hdma_usart2_tx)
    htim6                                    0x20001930   Data          76  stm32l4xx_hal_timebase_tim.o(.bss.htim6)
    huart2                                   0x2000197c   Data         136  main.o(.bss.huart2)
    huart4                                   0x20001a04   Data         136  main.o(.bss.huart4)
    pMCI                                     0x20001a8c   Data           4  motorcontrol.o(.bss.pMCI)
    uwTick                                   0x200026d4   Data           4  stm32l4xx_hal.o(.bss.uwTick)



==============================================================================

Memory Map of the image

  Image Entry point : 0x08000189

  Load Region LR_IROM1 (Base: 0x08000000, Size: 0x0000b760, Max: 0x00100000, ABSOLUTE, COMPRESSED[0x0000b4c8])

    Execution Region ER_IROM1 (Exec base: 0x08000000, Load base: 0x08000000, Size: 0x0000b304, Max: 0x00100000, ABSOLUTE)

    Exec Addr    Load Addr    Size         Type   Attr      Idx    E Section Name        Object

    0x08000000   0x08000000   0x00000188   Data   RO            3    RESET               startup_stm32l476xx.o
    0x08000188   0x08000188   0x00000008   Code   RO         2802  * !!!main             c_w.l(__main.o)
    0x08000190   0x08000190   0x00000034   Code   RO         2981    !!!scatter          c_w.l(__scatter.o)
    0x080001c4   0x080001c4   0x0000005a   Code   RO         2979    !!dczerorl2         c_w.l(__dczerorl2.o)
    0x0800021e   0x0800021e   0x00000002   PAD
    0x08000220   0x08000220   0x0000001c   Code   RO         2983    !!handler_zi        c_w.l(__scatter_zi.o)
    0x0800023c   0x0800023c   0x00000002   Code   RO         2841    .ARM.Collect$$libinit$$00000000  c_w.l(libinit.o)
    0x0800023e   0x0800023e   0x00000004   Code   RO         2853    .ARM.Collect$$libinit$$00000001  c_w.l(libinit2.o)
    0x08000242   0x08000242   0x00000000   Code   RO         2856    .ARM.Collect$$libinit$$00000004  c_w.l(libinit2.o)
    0x08000242   0x08000242   0x00000000   Code   RO         2858    .ARM.Collect$$libinit$$00000006  c_w.l(libinit2.o)
    0x08000242   0x08000242   0x00000000   Code   RO         2861    .ARM.Collect$$libinit$$0000000C  c_w.l(libinit2.o)
    0x08000242   0x08000242   0x00000000   Code   RO         2863    .ARM.Collect$$libinit$$0000000E  c_w.l(libinit2.o)
    0x08000242   0x08000242   0x00000000   Code   RO         2865    .ARM.Collect$$libinit$$00000010  c_w.l(libinit2.o)
    0x08000242   0x08000242   0x00000000   Code   RO         2868    .ARM.Collect$$libinit$$00000013  c_w.l(libinit2.o)
    0x08000242   0x08000242   0x00000000   Code   RO         2870    .ARM.Collect$$libinit$$00000015  c_w.l(libinit2.o)
    0x08000242   0x08000242   0x00000000   Code   RO         2872    .ARM.Collect$$libinit$$00000017  c_w.l(libinit2.o)
    0x08000242   0x08000242   0x00000000   Code   RO         2874    .ARM.Collect$$libinit$$00000019  c_w.l(libinit2.o)
    0x08000242   0x08000242   0x00000000   Code   RO         2876    .ARM.Collect$$libinit$$0000001B  c_w.l(libinit2.o)
    0x08000242   0x08000242   0x00000000   Code   RO         2878    .ARM.Collect$$libinit$$0000001D  c_w.l(libinit2.o)
    0x08000242   0x08000242   0x00000000   Code   RO         2880    .ARM.Collect$$libinit$$0000001F  c_w.l(libinit2.o)
    0x08000242   0x08000242   0x00000000   Code   RO         2882    .ARM.Collect$$libinit$$00000021  c_w.l(libinit2.o)
    0x08000242   0x08000242   0x00000000   Code   RO         2884    .ARM.Collect$$libinit$$00000023  c_w.l(libinit2.o)
    0x08000242   0x08000242   0x00000000   Code   RO         2886    .ARM.Collect$$libinit$$00000025  c_w.l(libinit2.o)
    0x08000242   0x08000242   0x00000000   Code   RO         2888    .ARM.Collect$$libinit$$00000027  c_w.l(libinit2.o)
    0x08000242   0x08000242   0x00000000   Code   RO         2892    .ARM.Collect$$libinit$$0000002E  c_w.l(libinit2.o)
    0x08000242   0x08000242   0x00000000   Code   RO         2894    .ARM.Collect$$libinit$$00000030  c_w.l(libinit2.o)
    0x08000242   0x08000242   0x00000000   Code   RO         2896    .ARM.Collect$$libinit$$00000032  c_w.l(libinit2.o)
    0x08000242   0x08000242   0x00000000   Code   RO         2898    .ARM.Collect$$libinit$$00000034  c_w.l(libinit2.o)
    0x08000242   0x08000242   0x00000002   Code   RO         2899    .ARM.Collect$$libinit$$00000035  c_w.l(libinit2.o)
    0x08000244   0x08000244   0x00000002   Code   RO         2934    .ARM.Collect$$libshutdown$$00000000  c_w.l(libshutdown.o)
    0x08000246   0x08000246   0x00000000   Code   RO         2962    .ARM.Collect$$libshutdown$$00000002  c_w.l(libshutdown2.o)
    0x08000246   0x08000246   0x00000000   Code   RO         2964    .ARM.Collect$$libshutdown$$00000004  c_w.l(libshutdown2.o)
    0x08000246   0x08000246   0x00000000   Code   RO         2967    .ARM.Collect$$libshutdown$$00000007  c_w.l(libshutdown2.o)
    0x08000246   0x08000246   0x00000000   Code   RO         2970    .ARM.Collect$$libshutdown$$0000000A  c_w.l(libshutdown2.o)
    0x08000246   0x08000246   0x00000000   Code   RO         2972    .ARM.Collect$$libshutdown$$0000000C  c_w.l(libshutdown2.o)
    0x08000246   0x08000246   0x00000000   Code   RO         2975    .ARM.Collect$$libshutdown$$0000000F  c_w.l(libshutdown2.o)
    0x08000246   0x08000246   0x00000002   Code   RO         2976    .ARM.Collect$$libshutdown$$00000010  c_w.l(libshutdown2.o)
    0x08000248   0x08000248   0x00000000   Code   RO         2804    .ARM.Collect$$rtentry$$00000000  c_w.l(__rtentry.o)
    0x08000248   0x08000248   0x00000000   Code   RO         2812    .ARM.Collect$$rtentry$$00000002  c_w.l(__rtentry2.o)
    0x08000248   0x08000248   0x00000006   Code   RO         2824    .ARM.Collect$$rtentry$$00000004  c_w.l(__rtentry4.o)
    0x0800024e   0x0800024e   0x00000000   Code   RO         2814    .ARM.Collect$$rtentry$$00000009  c_w.l(__rtentry2.o)
    0x0800024e   0x0800024e   0x00000004   Code   RO         2815    .ARM.Collect$$rtentry$$0000000A  c_w.l(__rtentry2.o)
    0x08000252   0x08000252   0x00000000   Code   RO         2817    .ARM.Collect$$rtentry$$0000000C  c_w.l(__rtentry2.o)
    0x08000252   0x08000252   0x00000008   Code   RO         2818    .ARM.Collect$$rtentry$$0000000D  c_w.l(__rtentry2.o)
    0x0800025a   0x0800025a   0x00000002   Code   RO         2845    .ARM.Collect$$rtexit$$00000000  c_w.l(rtexit.o)
    0x0800025c   0x0800025c   0x00000000   Code   RO         2905    .ARM.Collect$$rtexit$$00000002  c_w.l(rtexit2.o)
    0x0800025c   0x0800025c   0x00000004   Code   RO         2906    .ARM.Collect$$rtexit$$00000003  c_w.l(rtexit2.o)
    0x08000260   0x08000260   0x00000006   Code   RO         2907    .ARM.Collect$$rtexit$$00000004  c_w.l(rtexit2.o)
    0x08000266   0x08000266   0x00000002   PAD
    0x08000268   0x08000268   0x00000040   Code   RO            4    .text               startup_stm32l476xx.o
    0x080002a8   0x080002a8   0x000000f0   Code   RO         2790    .text               c_w.l(lludivv7m.o)
    0x08000398   0x08000398   0x0000008a   Code   RO         2792    .text               c_w.l(rt_memcpy_v6.o)
    0x08000422   0x08000422   0x00000064   Code   RO         2794    .text               c_w.l(rt_memcpy_w.o)
    0x08000486   0x08000486   0x0000004e   Code   RO         2798    .text               c_w.l(rt_memclr_w.o)
    0x080004d4   0x080004d4   0x00000006   Code   RO         2800    .text               c_w.l(heapauxi.o)
    0x080004da   0x080004da   0x0000004a   Code   RO         2828    .text               c_w.l(sys_stackheap_outer.o)
    0x08000524   0x08000524   0x00000012   Code   RO         2830    .text               c_w.l(exit.o)
    0x08000536   0x08000536   0x00000002   PAD
    0x08000538   0x08000538   0x00000008   Code   RO         2842    .text               c_w.l(libspace.o)
    0x08000540   0x08000540   0x0000000c   Code   RO         2900    .text               c_w.l(sys_exit.o)
    0x0800054c   0x0800054c   0x00000002   Code   RO         2923    .text               c_w.l(use_no_semi.o)
    0x0800054e   0x0800054e   0x00000000   Code   RO         2925    .text               c_w.l(indicate_semi.o)
    0x0800054e   0x0800054e   0x00000002   PAD
    0x08000550   0x08000550   0x00000014   Code   RO          515    .text.ADC1_2_IRQHandler  stm32l4xx_mc_it.o
    0x08000564   0x08000564   0x0000001e   Code   RO          668    .text.ASPEP_HWDMAReset  aspep.o
    0x08000582   0x08000582   0x00000002   PAD
    0x08000584   0x08000584   0x000000a6   Code   RO          666    .text.ASPEP_HWDataReceivedIT  aspep.o
    0x0800062a   0x0800062a   0x00000002   PAD
    0x0800062c   0x0800062c   0x000000b0   Code   RO          662    .text.ASPEP_HWDataTransmittedIT  aspep.o
    0x080006dc   0x080006dc   0x000005c6   Code   RO          664    .text.ASPEP_RXframeProcess  aspep.o
    0x08000ca2   0x08000ca2   0x00000002   PAD
    0x08000ca4   0x08000ca4   0x000000e8   Code   RO          654    .text.ASPEP_TXframeProcess  aspep.o
    0x08000d8c   0x08000d8c   0x0000005c   Code   RO          658    .text.ASPEP_getBuffer  aspep.o
    0x08000de8   0x08000de8   0x00000050   Code   RO          660    .text.ASPEP_sendPacket  aspep.o
    0x08000e38   0x08000e38   0x00000026   Code   RO          650    .text.ASPEP_start   aspep.o
    0x08000e5e   0x08000e5e   0x00000002   PAD
    0x08000e60   0x08000e60   0x0000004e   Code   RO         2303    .text.Circle_Limitation  circle_limitation.o
    0x08000eae   0x08000eae   0x00000002   PAD
    0x08000eb0   0x08000eb0   0x00000020   Code   RO          523    .text.DMA1_Channel6_IRQHandler  stm32l4xx_mc_it.o
    0x08000ed0   0x08000ed0   0x00000030   Code   RO         2328    .text.EAC_Exec      enc_align_ctrl.o
    0x08000f00   0x08000f00   0x0000000a   Code   RO         2324    .text.EAC_Init      enc_align_ctrl.o
    0x08000f0a   0x08000f0a   0x00000002   PAD
    0x08000f0c   0x08000f0c   0x00000004   Code   RO         2330    .text.EAC_IsAligned  enc_align_ctrl.o
    0x08000f10   0x08000f10   0x00000004   Code   RO         2332    .text.EAC_SetRestartState  enc_align_ctrl.o
    0x08000f14   0x08000f14   0x00000052   Code   RO         2326    .text.EAC_StartAlignment  enc_align_ctrl.o
    0x08000f66   0x08000f66   0x00000002   PAD
    0x08000f68   0x08000f68   0x0000002c   Code   RO         2348    .text.ENC_CalcAngle  encoder_speed_pos_fdbk.o
    0x08000f94   0x08000f94   0x0000019a   Code   RO         2350    .text.ENC_CalcAvrgMecSpeedUnit  encoder_speed_pos_fdbk.o
    0x0800112e   0x0800112e   0x00000002   PAD
    0x08001130   0x08001130   0x0000001c   Code   RO         2346    .text.ENC_Clear     encoder_speed_pos_fdbk.o
    0x0800114c   0x0800114c   0x00000010   Code   RO         2354    .text.ENC_IRQHandler  encoder_speed_pos_fdbk.o
    0x0800115c   0x0800115c   0x00000078   Code   RO         2344    .text.ENC_Init      encoder_speed_pos_fdbk.o
    0x080011d4   0x080011d4   0x00000028   Code   RO         2352    .text.ENC_SetMecAngle  encoder_speed_pos_fdbk.o
    0x080011fc   0x080011fc   0x0000001a   Code   RO          529    .text.EXTI15_10_IRQHandler  stm32l4xx_mc_it.o
    0x08001216   0x08001216   0x00000002   PAD
    0x08001218   0x08001218   0x0000000a   Code   RO           17    .text.Error_Handler  main.o
    0x08001222   0x08001222   0x00000002   PAD
    0x08001224   0x08001224   0x00000030   Code   RO          240    .text.FOC_CalcCurrRef  mc_tasks.o
    0x08001254   0x08001254   0x00000074   Code   RO          222    .text.FOC_Clear     mc_tasks.o
    0x080012c8   0x080012c8   0x00000002   Code   RO          238    .text.FOC_InitAdditionalMethods  mc_tasks.o
    0x080012ca   0x080012ca   0x00000002   PAD
    0x080012cc   0x080012cc   0x0000002c   Code   RO          850    .text.HAL_ADCEx_DisableInjectedQueue  stm32l4xx_hal_adc_ex.o
    0x080012f8   0x080012f8   0x0000044a   Code   RO          844    .text.HAL_ADCEx_InjectedConfigChannel  stm32l4xx_hal_adc_ex.o
    0x08001742   0x08001742   0x00000002   PAD
    0x08001744   0x08001744   0x000000d0   Code   RO          846    .text.HAL_ADCEx_MultiModeConfigChannel  stm32l4xx_hal_adc_ex.o
    0x08001814   0x08001814   0x00000380   Code   RO          786    .text.HAL_ADC_ConfigChannel  stm32l4xx_hal_adc.o
    0x08001b94   0x08001b94   0x00000210   Code   RO          738    .text.HAL_ADC_Init  stm32l4xx_hal_adc.o
    0x08001da4   0x08001da4   0x000000d8   Code   RO          701    .text.HAL_ADC_MspInit  stm32l4xx_hal_msp.o
    0x08001e7c   0x08001e7c   0x000000cc   Code   RO         1120    .text.HAL_DMA_Init  stm32l4xx_hal_dma.o
    0x08001f48   0x08001f48   0x00000210   Code   RO         1094    .text.HAL_GPIO_Init  stm32l4xx_hal_gpio.o
    0x08002158   0x08002158   0x0000000c   Code   RO         1100    .text.HAL_GPIO_WritePin  stm32l4xx_hal_gpio.o
    0x08002164   0x08002164   0x0000000c   Code   RO          876    .text.HAL_GetTick   stm32l4xx_hal.o
    0x08002170   0x08002170   0x0000001a   Code   RO          874    .text.HAL_IncTick   stm32l4xx_hal.o
    0x0800218a   0x0800218a   0x00000002   PAD
    0x0800218c   0x0800218c   0x0000002e   Code   RO          864    .text.HAL_Init      stm32l4xx_hal.o
    0x080021ba   0x080021ba   0x00000002   PAD
    0x080021bc   0x080021bc   0x000000bc   Code   RO          723    .text.HAL_InitTick  stm32l4xx_hal_timebase_tim.o
    0x08002278   0x08002278   0x0000003c   Code   RO          699    .text.HAL_MspInit   stm32l4xx_hal_msp.o
    0x080022b4   0x080022b4   0x00000020   Code   RO         1287    .text.HAL_NVIC_EnableIRQ  stm32l4xx_hal_cortex.o
    0x080022d4   0x080022d4   0x00000056   Code   RO         1285    .text.HAL_NVIC_SetPriority  stm32l4xx_hal_cortex.o
    0x0800232a   0x0800232a   0x00000002   PAD
    0x0800232c   0x0800232c   0x00000020   Code   RO         1283    .text.HAL_NVIC_SetPriorityGrouping  stm32l4xx_hal_cortex.o
    0x0800234c   0x0800234c   0x0000008c   Code   RO         1195    .text.HAL_PWREx_ControlVoltageScaling  stm32l4xx_hal_pwr_ex.o
    0x080023d8   0x080023d8   0x00000010   Code   RO         1193    .text.HAL_PWREx_GetVoltageRange  stm32l4xx_hal_pwr_ex.o
    0x080023e8   0x080023e8   0x000003e4   Code   RO          980    .text.HAL_RCCEx_PeriphCLKConfig  stm32l4xx_hal_rcc_ex.o
    0x080027cc   0x080027cc   0x0000027a   Code   RO          950    .text.HAL_RCC_ClockConfig  stm32l4xx_hal_rcc.o
    0x08002a46   0x08002a46   0x00000002   PAD
    0x08002a48   0x08002a48   0x00000042   Code   RO          962    .text.HAL_RCC_GetClockConfig  stm32l4xx_hal_rcc.o
    0x08002a8a   0x08002a8a   0x00000002   PAD
    0x08002a8c   0x08002a8c   0x0000000c   Code   RO          954    .text.HAL_RCC_GetHCLKFreq  stm32l4xx_hal_rcc.o
    0x08002a98   0x08002a98   0x0000002a   Code   RO          956    .text.HAL_RCC_GetPCLK1Freq  stm32l4xx_hal_rcc.o
    0x08002ac2   0x08002ac2   0x00000002   PAD
    0x08002ac4   0x08002ac4   0x0000002a   Code   RO          958    .text.HAL_RCC_GetPCLK2Freq  stm32l4xx_hal_rcc.o
    0x08002aee   0x08002aee   0x00000002   PAD
    0x08002af0   0x08002af0   0x000000c2   Code   RO          948    .text.HAL_RCC_GetSysClockFreq  stm32l4xx_hal_rcc.o
    0x08002bb2   0x08002bb2   0x00000002   PAD
    0x08002bb4   0x08002bb4   0x00000774   Code   RO          946    .text.HAL_RCC_OscConfig  stm32l4xx_hal_rcc.o
    0x08003328   0x08003328   0x0000002c   Code   RO         1295    .text.HAL_SYSTICK_Config  stm32l4xx_hal_cortex.o
    0x08003354   0x08003354   0x00000002   Code   RO         1666    .text.HAL_TIMEx_Break2Callback  stm32l4xx_hal_tim_ex.o
    0x08003356   0x08003356   0x00000002   PAD
    0x08003358   0x08003358   0x00000002   Code   RO         1664    .text.HAL_TIMEx_BreakCallback  stm32l4xx_hal_tim_ex.o
    0x0800335a   0x0800335a   0x00000002   PAD
    0x0800335c   0x0800335c   0x00000002   Code   RO         1660    .text.HAL_TIMEx_CommutCallback  stm32l4xx_hal_tim_ex.o
    0x0800335e   0x0800335e   0x00000002   PAD
    0x08003360   0x08003360   0x000000a4   Code   RO         1652    .text.HAL_TIMEx_ConfigBreakDeadTime  stm32l4xx_hal_tim_ex.o
    0x08003404   0x08003404   0x00000138   Code   RO         1654    .text.HAL_TIMEx_ConfigBreakInput  stm32l4xx_hal_tim_ex.o
    0x0800353c   0x0800353c   0x000000be   Code   RO         1650    .text.HAL_TIMEx_MasterConfigSynchronization  stm32l4xx_hal_tim_ex.o
    0x080035fa   0x080035fa   0x00000002   PAD
    0x080035fc   0x080035fc   0x00000062   Code   RO         1355    .text.HAL_TIM_Base_Init  stm32l4xx_hal_tim.o
    0x0800365e   0x0800365e   0x00000002   PAD
    0x08003660   0x08003660   0x0000006a   Code   RO          705    .text.HAL_TIM_Base_MspInit  stm32l4xx_hal_msp.o
    0x080036ca   0x080036ca   0x00000002   PAD
    0x080036cc   0x080036cc   0x000000a6   Code   RO         1369    .text.HAL_TIM_Base_Start_IT  stm32l4xx_hal_tim.o
    0x08003772   0x08003772   0x00000002   PAD
    0x08003774   0x08003774   0x00000002   Code   RO         1491    .text.HAL_TIM_IC_CaptureCallback  stm32l4xx_hal_tim.o
    0x08003776   0x08003776   0x00000002   PAD
    0x08003778   0x08003778   0x0000016c   Code   RO         1489    .text.HAL_TIM_IRQHandler  stm32l4xx_hal_tim.o
    0x080038e4   0x080038e4   0x00000052   Code   RO          707    .text.HAL_TIM_MspPostInit  stm32l4xx_hal_msp.o
    0x08003936   0x08003936   0x00000002   PAD
    0x08003938   0x08003938   0x00000002   Code   RO         1493    .text.HAL_TIM_OC_DelayElapsedCallback  stm32l4xx_hal_tim.o
    0x0800393a   0x0800393a   0x00000002   PAD
    0x0800393c   0x0800393c   0x00000396   Code   RO         1509    .text.HAL_TIM_PWM_ConfigChannel  stm32l4xx_hal_tim.o
    0x08003cd2   0x08003cd2   0x00000002   PAD
    0x08003cd4   0x08003cd4   0x00000062   Code   RO         1409    .text.HAL_TIM_PWM_Init  stm32l4xx_hal_tim.o
    0x08003d36   0x08003d36   0x00000002   PAD
    0x08003d38   0x08003d38   0x00000002   Code   RO         1411    .text.HAL_TIM_PWM_MspInit  stm32l4xx_hal_tim.o
    0x08003d3a   0x08003d3a   0x00000002   PAD
    0x08003d3c   0x08003d3c   0x00000002   Code   RO         1495    .text.HAL_TIM_PWM_PulseFinishedCallback  stm32l4xx_hal_tim.o
    0x08003d3e   0x08003d3e   0x00000002   PAD
    0x08003d40   0x08003d40   0x00000014   Code   RO           19    .text.HAL_TIM_PeriodElapsedCallback  main.o
    0x08003d54   0x08003d54   0x00000058   Code   RO         1539    .text.HAL_TIM_SlaveConfigSynchro  stm32l4xx_hal_tim.o
    0x08003dac   0x08003dac   0x00000002   Code   RO         1499    .text.HAL_TIM_TriggerCallback  stm32l4xx_hal_tim.o
    0x08003dae   0x08003dae   0x00000002   PAD
    0x08003db0   0x08003db0   0x00000060   Code   RO         1680    .text.HAL_UART_Init  stm32l4xx_hal_uart.o
    0x08003e10   0x08003e10   0x0000017c   Code   RO          711    .text.HAL_UART_MspInit  stm32l4xx_hal_msp.o
    0x08003f8c   0x08003f8c   0x00000006   Code   RO          527    .text.HardFault_Handler  stm32l4xx_mc_it.o
    0x08003f92   0x08003f92   0x00000002   PAD
    0x08003f94   0x08003f94   0x00000010   Code   RO          503    .text.MCI_Clear_Iqdref  mc_interface.o
    0x08003fa4   0x08003fa4   0x00000006   Code   RO          505    .text.MCI_Clear_PerfMeasure  mc_interface.o
    0x08003faa   0x08003faa   0x00000002   PAD
    0x08003fac   0x08003fac   0x00000086   Code   RO          429    .text.MCI_ExecBufferedCommands  mc_interface.o
    0x08004032   0x08004032   0x00000002   PAD
    0x08004034   0x08004034   0x00000074   Code   RO          405    .text.MCI_ExecPositionCommand  mc_interface.o
    0x080040a8   0x080040a8   0x00000010   Code   RO          393    .text.MCI_ExecSpeedRamp  mc_interface.o
    0x080040b8   0x080040b8   0x00000010   Code   RO          397    .text.MCI_ExecTorqueRamp  mc_interface.o
    0x080040c8   0x080040c8   0x0000002c   Code   RO          425    .text.MCI_FaultAcknowledged  mc_interface.o
    0x080040f4   0x080040f4   0x00000012   Code   RO          427    .text.MCI_FaultProcessing  mc_interface.o
    0x08004106   0x08004106   0x00000002   PAD
    0x08004108   0x08004108   0x00000010   Code   RO          465    .text.MCI_GetAvrgMecSpeedUnit  mc_interface.o
    0x08004118   0x08004118   0x00000006   Code   RO          445    .text.MCI_GetControlMode  mc_interface.o
    0x0800411e   0x0800411e   0x00000002   PAD
    0x08004120   0x08004120   0x00000004   Code   RO          413    .text.MCI_GetCurrentFaults  mc_interface.o
    0x08004124   0x08004124   0x00000006   Code   RO          437    .text.MCI_GetCurrentPosition  mc_interface.o
    0x0800412a   0x0800412a   0x00000002   PAD
    0x0800412c   0x0800412c   0x0000000a   Code   RO          443    .text.MCI_GetFaultState  mc_interface.o
    0x08004136   0x08004136   0x00000002   PAD
    0x08004138   0x08004138   0x00000006   Code   RO          473    .text.MCI_GetIab    mc_interface.o
    0x0800413e   0x0800413e   0x00000002   PAD
    0x08004140   0x08004140   0x00000006   Code   RO          477    .text.MCI_GetIalphabeta  mc_interface.o
    0x08004146   0x08004146   0x00000002   PAD
    0x08004148   0x08004148   0x00000006   Code   RO          479    .text.MCI_GetIqd    mc_interface.o
    0x0800414e   0x0800414e   0x00000002   PAD
    0x08004150   0x08004150   0x00000006   Code   RO          485    .text.MCI_GetIqdref  mc_interface.o
    0x08004156   0x08004156   0x00000002   PAD
    0x08004158   0x08004158   0x00000004   Code   RO          453    .text.MCI_GetLastRampFinalDuration  mc_interface.o
    0x0800415c   0x0800415c   0x00000006   Code   RO          449    .text.MCI_GetLastRampFinalSpeed  mc_interface.o
    0x08004162   0x08004162   0x00000002   PAD
    0x08004164   0x08004164   0x00000006   Code   RO          451    .text.MCI_GetLastRampFinalTorque  mc_interface.o
    0x0800416a   0x0800416a   0x00000002   PAD
    0x0800416c   0x0800416c   0x00000006   Code   RO          469    .text.MCI_GetMecSpeedRefUnit  mc_interface.o
    0x08004172   0x08004172   0x00000002   PAD
    0x08004174   0x08004174   0x00000004   Code   RO          411    .text.MCI_GetOccurredFaults  mc_interface.o
    0x08004178   0x08004178   0x00000006   Code   RO          409    .text.MCI_GetSTMState  mc_interface.o
    0x0800417e   0x0800417e   0x00000002   PAD
    0x08004180   0x08004180   0x00000008   Code   RO          495    .text.MCI_GetTeref  mc_interface.o
    0x08004188   0x08004188   0x00000008   Code   RO          491    .text.MCI_GetValphabeta  mc_interface.o
    0x08004190   0x08004190   0x00000008   Code   RO          489    .text.MCI_GetVqd    mc_interface.o
    0x08004198   0x08004198   0x0000001c   Code   RO          391    .text.MCI_Init      mc_interface.o
    0x080041b4   0x080041b4   0x00000012   Code   RO          401    .text.MCI_SetCurrentReferences  mc_interface.o
    0x080041c6   0x080041c6   0x00000002   PAD
    0x080041c8   0x080041c8   0x0000002c   Code   RO          407    .text.MCI_StartMotor  mc_interface.o
    0x080041f4   0x080041f4   0x0000003a   Code   RO          415    .text.MCI_StartWithPolarizationMotor  mc_interface.o
    0x0800422e   0x0800422e   0x00000002   PAD
    0x08004230   0x08004230   0x00000046   Code   RO          423    .text.MCI_StopMotor  mc_interface.o
    0x08004276   0x08004276   0x00000002   PAD
    0x08004278   0x08004278   0x00000006   Code   RO          461    .text.MCI_StopRamp  mc_interface.o
    0x0800427e   0x0800427e   0x00000002   PAD
    0x08004280   0x08004280   0x00000048   Code   RO          370    .text.MCM_Clarke    mc_math.o
    0x080042c8   0x080042c8   0x0000007a   Code   RO          372    .text.MCM_Park      mc_math.o
    0x08004342   0x08004342   0x00000002   PAD
    0x08004344   0x08004344   0x00000026   Code   RO          376    .text.MCM_Rev_Park  mc_math.o
    0x0800436a   0x0800436a   0x00000002   PAD
    0x0800436c   0x0800436c   0x000000ec   Code   RO          378    .text.MCM_Sqrt      mc_math.o
    0x08004458   0x08004458   0x0000008e   Code   RO          374    .text.MCM_Trig_Functions  mc_math.o
    0x080044e6   0x080044e6   0x00000002   PAD
    0x080044e8   0x080044e8   0x00000122   Code   RO         2778    .text.MCPA_cfgLog   mcpa.o
    0x0800460a   0x0800460a   0x00000002   PAD
    0x0800460c   0x0800460c   0x000002e0   Code   RO         2774    .text.MCPA_dataLog  mcpa.o
    0x080048ec   0x080048ec   0x000000ac   Code   RO         2776    .text.MCPA_flushDataLog  mcpa.o
    0x08004998   0x08004998   0x000002fc   Code   RO          573    .text.MCP_ReceivedPacket  mcp.o
    0x08004c94   0x08004c94   0x00000002   Code   RO          680    .text.MC_APP_BootHook  mc_app_hooks.o
    0x08004c96   0x08004c96   0x00000002   PAD
    0x08004c98   0x08004c98   0x00000002   Code   RO          682    .text.MC_APP_PostMediumFrequencyHook_M1  mc_app_hooks.o
    0x08004c9a   0x08004c9a   0x00000002   PAD
    0x08004c9c   0x08004c9c   0x0000001a   Code   RO          593    .text.MC_BG_Perf_Measure_Start  mc_perf.o
    0x08004cb6   0x08004cb6   0x00000002   PAD
    0x08004cb8   0x08004cb8   0x0000004e   Code   RO          597    .text.MC_BG_Perf_Measure_Stop  mc_perf.o
    0x08004d06   0x08004d06   0x00000002   PAD
    0x08004d08   0x08004d08   0x0000000e   Code   RO          142    .text.MC_GetSTMStateMotor1  mc_api.o
    0x08004d16   0x08004d16   0x00000002   PAD
    0x08004d18   0x08004d18   0x00000018   Code   RO          589    .text.MC_Perf_Clear  mc_perf.o
    0x08004d30   0x08004d30   0x0000005c   Code   RO          599    .text.MC_Perf_GetCPU_Load  mc_perf.o
    0x08004d8c   0x08004d8c   0x0000005c   Code   RO          601    .text.MC_Perf_GetMaxCPU_Load  mc_perf.o
    0x08004de8   0x08004de8   0x00000078   Code   RO          603    .text.MC_Perf_GetMinCPU_Load  mc_perf.o
    0x08004e60   0x08004e60   0x00000044   Code   RO          587    .text.MC_Perf_Measure_Init  mc_perf.o
    0x08004ea4   0x08004ea4   0x00000012   Code   RO          591    .text.MC_Perf_Measure_Start  mc_perf.o
    0x08004eb6   0x08004eb6   0x00000002   PAD
    0x08004eb8   0x08004eb8   0x00000040   Code   RO          595    .text.MC_Perf_Measure_Stop  mc_perf.o
    0x08004ef8   0x08004ef8   0x00000004   Code   RO          162    .text.MC_ProfilerCommand  mc_api.o
    0x08004efc   0x08004efc   0x00000014   Code   RO          224    .text.MC_RunMotorControlTasks  mc_tasks.o
    0x08004f10   0x08004f10   0x00000080   Code   RO          226    .text.MC_Scheduler  mc_tasks.o
    0x08004f90   0x08004f90   0x0000000e   Code   RO           62    .text.MC_StartMotor1  mc_api.o
    0x08004f9e   0x08004f9e   0x00000002   PAD
    0x08004fa0   0x08004fa0   0x0000000e   Code   RO           64    .text.MC_StopMotor1  mc_api.o
    0x08004fae   0x08004fae   0x00000002   PAD
    0x08004fb0   0x08004fb0   0x000001a0   Code   RO          220    .text.MCboot        mc_tasks.o
    0x08005150   0x08005150   0x00000016   Code   RO           50    .text.MX_MotorControl_Init  motorcontrol.o
    0x08005166   0x08005166   0x00000002   PAD
    0x08005168   0x08005168   0x00000032   Code   RO         2408    .text.NTC_CalcAvTemp  ntc_temperature_sensor.o
    0x0800519a   0x0800519a   0x00000002   PAD
    0x0800519c   0x0800519c   0x00000006   Code   RO         2406    .text.NTC_Clear     ntc_temperature_sensor.o
    0x080051a2   0x080051a2   0x00000002   PAD
    0x080051a4   0x080051a4   0x00000022   Code   RO         2412    .text.NTC_GetAvTemp_C  ntc_temperature_sensor.o
    0x080051c6   0x080051c6   0x00000002   PAD
    0x080051c8   0x080051c8   0x00000014   Code   RO         2404    .text.NTC_Init      ntc_temperature_sensor.o
    0x080051dc   0x080051dc   0x00000018   Code   RO         2402    .text.NTC_SetFaultState  ntc_temperature_sensor.o
    0x080051f4   0x080051f4   0x00000044   Code   RO         2494    .text.PID_Controller  pid_regulator.o
    0x08005238   0x08005238   0x00000006   Code   RO         2484    .text.PID_GetKD     pid_regulator.o
    0x0800523e   0x0800523e   0x00000002   PAD
    0x08005240   0x08005240   0x00000004   Code   RO         2488    .text.PID_GetKDDivisorPOW2  pid_regulator.o
    0x08005244   0x08005244   0x00000006   Code   RO         2452    .text.PID_GetKI     pid_regulator.o
    0x0800524a   0x0800524a   0x00000002   PAD
    0x0800524c   0x0800524c   0x00000004   Code   RO         2468    .text.PID_GetKIDivisorPOW2  pid_regulator.o
    0x08005250   0x08005250   0x00000006   Code   RO         2450    .text.PID_GetKP     pid_regulator.o
    0x08005256   0x08005256   0x00000002   PAD
    0x08005258   0x08005258   0x00000004   Code   RO         2462    .text.PID_GetKPDivisorPOW2  pid_regulator.o
    0x0800525c   0x0800525c   0x00000010   Code   RO         2444    .text.PID_HandleInit  pid_regulator.o
    0x0800526c   0x0800526c   0x00000004   Code   RO         2458    .text.PID_SetIntegralTerm  pid_regulator.o
    0x08005270   0x08005270   0x00000004   Code   RO         2482    .text.PID_SetKD     pid_regulator.o
    0x08005274   0x08005274   0x0000000c   Code   RO         2490    .text.PID_SetKDDivisorPOW2  pid_regulator.o
    0x08005280   0x08005280   0x00000004   Code   RO         2448    .text.PID_SetKI     pid_regulator.o
    0x08005284   0x08005284   0x00000032   Code   RO         2470    .text.PID_SetKIDivisorPOW2  pid_regulator.o
    0x080052b6   0x080052b6   0x00000002   PAD
    0x080052b8   0x080052b8   0x00000004   Code   RO         2446    .text.PID_SetKP     pid_regulator.o
    0x080052bc   0x080052bc   0x0000000c   Code   RO         2464    .text.PID_SetKPDivisorPOW2  pid_regulator.o
    0x080052c8   0x080052c8   0x00000004   Code   RO         2474    .text.PID_SetLowerIntegralTermLimit  pid_regulator.o
    0x080052cc   0x080052cc   0x00000004   Code   RO         2472    .text.PID_SetUpperIntegralTermLimit  pid_regulator.o
    0x080052d0   0x080052d0   0x00000090   Code   RO         2492    .text.PI_Controller  pid_regulator.o
    0x08005360   0x08005360   0x00000028   Code   RO         2504    .text.PQD_CalcElMotorPower  pqd_motor_power_measurement.o
    0x08005388   0x08005388   0x00000006   Code   RO         2506    .text.PQD_Clear     pqd_motor_power_measurement.o
    0x0800538e   0x0800538e   0x00000002   PAD
    0x08005390   0x08005390   0x00000034   Code   RO         2508    .text.PQD_GetAvrgElMotorPowerW  pqd_motor_power_measurement.o
    0x080053c4   0x080053c4   0x0000003c   Code   RO          285    .text.PWMC_CurrentReadingCalibr  pwm_curr_fdbk.o
    0x08005400   0x08005400   0x00000044   Code   RO          293    .text.PWMC_DP_Handler  pwm_curr_fdbk.o
    0x08005444   0x08005444   0x00000004   Code   RO          277    .text.PWMC_GetPhaseCurrents  pwm_curr_fdbk.o
    0x08005448   0x08005448   0x00000038   Code   RO          297    .text.PWMC_IsFaultOccurred  pwm_curr_fdbk.o
    0x08005480   0x08005480   0x0000001a   Code   RO          295    .text.PWMC_OVP_Handler  pwm_curr_fdbk.o
    0x0800549a   0x0800549a   0x00000002   PAD
    0x0800549c   0x0800549c   0x00000234   Code   RO          279    .text.PWMC_SetPhaseVoltage  pwm_curr_fdbk.o
    0x080056d0   0x080056d0   0x00000004   Code   RO          281    .text.PWMC_SwitchOffPWM  pwm_curr_fdbk.o
    0x080056d4   0x080056d4   0x00000004   Code   RO          283    .text.PWMC_SwitchOnPWM  pwm_curr_fdbk.o
    0x080056d8   0x080056d8   0x00000008   PAD
    0x080056e0   0x080056e0   0x0000007a   Code   RO         2271    .text.PendSV_Handler  port.o
    0x0800575a   0x0800575a   0x00000002   PAD
    0x0800575c   0x0800575c   0x0000012e   Code   RO         2726    .text.R3_1_CurrentReadingCalibration  r3_1_l4xx_pwm_curr_fdbk.o
    0x0800588a   0x0800588a   0x00000002   PAD
    0x0800588c   0x0800588c   0x00000010   Code   RO         2724    .text.R3_1_GetOffsetCalib  r3_1_l4xx_pwm_curr_fdbk.o
    0x0800589c   0x0800589c   0x00000120   Code   RO         2738    .text.R3_1_GetPhaseCurrents  r3_1_l4xx_pwm_curr_fdbk.o
    0x080059bc   0x080059bc   0x00000042   Code   RO         2728    .text.R3_1_HFCurrentsCalibrationAB  r3_1_l4xx_pwm_curr_fdbk.o
    0x080059fe   0x080059fe   0x00000002   PAD
    0x08005a00   0x08005a00   0x00000036   Code   RO         2736    .text.R3_1_HFCurrentsCalibrationC  r3_1_l4xx_pwm_curr_fdbk.o
    0x08005a36   0x08005a36   0x00000002   PAD
    0x08005a38   0x08005a38   0x00000132   Code   RO         2720    .text.R3_1_Init     r3_1_l4xx_pwm_curr_fdbk.o
    0x08005b6a   0x08005b6a   0x00000002   PAD
    0x08005b6c   0x08005b6c   0x00000170   Code   RO         2760    .text.R3_1_RLDetectionModeDisable  r3_1_l4xx_pwm_curr_fdbk.o
    0x08005cdc   0x08005cdc   0x000000d2   Code   RO         2752    .text.R3_1_RLDetectionModeEnable  r3_1_l4xx_pwm_curr_fdbk.o
    0x08005dae   0x08005dae   0x00000002   PAD
    0x08005db0   0x08005db0   0x00000038   Code   RO         2762    .text.R3_1_RLDetectionModeSetDuty  r3_1_l4xx_pwm_curr_fdbk.o
    0x08005de8   0x08005de8   0x0000003a   Code   RO         2754    .text.R3_1_RLGetPhaseCurrents  r3_1_l4xx_pwm_curr_fdbk.o
    0x08005e22   0x08005e22   0x00000002   PAD
    0x08005e24   0x08005e24   0x000000ea   Code   RO         2758    .text.R3_1_RLSwitchOnPWM  r3_1_l4xx_pwm_curr_fdbk.o
    0x08005f0e   0x08005f0e   0x00000002   PAD
    0x08005f10   0x08005f10   0x00000060   Code   RO         2756    .text.R3_1_RLTurnOnLowSides  r3_1_l4xx_pwm_curr_fdbk.o
    0x08005f70   0x08005f70   0x000000a4   Code   RO         2764    .text.R3_1_RLTurnOnLowSidesAndStart  r3_1_l4xx_pwm_curr_fdbk.o
    0x08006014   0x08006014   0x0000001a   Code   RO         2730    .text.R3_1_SetADCSampPointCalibration  r3_1_l4xx_pwm_curr_fdbk.o
    0x0800602e   0x0800602e   0x00000002   PAD
    0x08006030   0x08006030   0x0000006e   Code   RO         2746    .text.R3_1_SetADCSampPointSectX  r3_1_l4xx_pwm_curr_fdbk.o
    0x0800609e   0x0800609e   0x00000002   PAD
    0x080060a0   0x080060a0   0x00000016   Code   RO         2722    .text.R3_1_SetOffsetCalib  r3_1_l4xx_pwm_curr_fdbk.o
    0x080060b6   0x080060b6   0x00000002   PAD
    0x080060b8   0x080060b8   0x00000072   Code   RO         2734    .text.R3_1_SwitchOffPWM  r3_1_l4xx_pwm_curr_fdbk.o
    0x0800612a   0x0800612a   0x00000002   PAD
    0x0800612c   0x0800612c   0x000000a8   Code   RO         2732    .text.R3_1_SwitchOnPWM  r3_1_l4xx_pwm_curr_fdbk.o
    0x080061d4   0x080061d4   0x00000048   Code   RO         2750    .text.R3_1_TIMx_UP_IRQHandler  r3_1_l4xx_pwm_curr_fdbk.o
    0x0800621c   0x0800621c   0x00000068   Code   RO         2742    .text.R3_1_TurnOnLowSides  r3_1_l4xx_pwm_curr_fdbk.o
    0x08006284   0x08006284   0x00000038   Code   RO         2744    .text.R3_1_WriteTIMRegisters  r3_1_l4xx_pwm_curr_fdbk.o
    0x080062bc   0x080062bc   0x0000016e   Code   RO          982    .text.RCCEx_PLLSAI1_Config  stm32l4xx_hal_rcc_ex.o
    0x0800642a   0x0800642a   0x00000002   PAD
    0x0800642c   0x0800642c   0x00000146   Code   RO          984    .text.RCCEx_PLLSAI2_Config  stm32l4xx_hal_rcc_ex.o
    0x08006572   0x08006572   0x00000002   PAD
    0x08006574   0x08006574   0x0000007e   Code   RO          351    .text.RCM_ExecRegularConv  regular_conversion_manager.o
    0x080065f2   0x080065f2   0x00000002   PAD
    0x080065f4   0x080065f4   0x000000b6   Code   RO          357    .text.RCM_ExecUserConv  regular_conversion_manager.o
    0x080066aa   0x080066aa   0x00000002   PAD
    0x080066ac   0x080066ac   0x0000015e   Code   RO          349    .text.RCM_RegisterRegConv  regular_conversion_manager.o
    0x0800680a   0x0800680a   0x00000002   PAD
    0x0800680c   0x0800680c   0x00000010   Code   RO         2546    .text.REMNG_Init    ramp_ext_mngr.o
    0x0800681c   0x0800681c   0x0000001e   Code   RO          556    .text.RI_GetIDSize  register_interface.o
    0x0800683a   0x0800683a   0x00000002   PAD
    0x0800683c   0x0800683c   0x00000148   Code   RO          558    .text.RI_GetPtrReg  register_interface.o
    0x08006984   0x08006984   0x00000246   Code   RO          552    .text.RI_GetRegisterGlobal  register_interface.o
    0x08006bca   0x08006bca   0x00000002   PAD
    0x08006bcc   0x08006bcc   0x0000077a   Code   RO          554    .text.RI_GetRegisterMotor1  register_interface.o
    0x08007346   0x08007346   0x00000002   PAD
    0x08007348   0x08007348   0x00000126   Code   RO          546    .text.RI_SetRegisterGlobal  register_interface.o
    0x0800746e   0x0800746e   0x00000002   PAD
    0x08007470   0x08007470   0x00000612   Code   RO          550    .text.RI_SetRegisterMotor1  register_interface.o
    0x08007a82   0x08007a82   0x00000002   PAD
    0x08007a84   0x08007a84   0x000000aa   Code   RO         2534    .text.RVBS_CalcAvVbus  r_divider_bus_voltage_sensor.o
    0x08007b2e   0x08007b2e   0x00000002   PAD
    0x08007b30   0x08007b30   0x0000004e   Code   RO         2536    .text.RVBS_CheckFaultState  r_divider_bus_voltage_sensor.o
    0x08007b7e   0x08007b7e   0x00000002   PAD
    0x08007b80   0x08007b80   0x0000005e   Code   RO         2532    .text.RVBS_Clear    r_divider_bus_voltage_sensor.o
    0x08007bde   0x08007bde   0x00000002   PAD
    0x08007be0   0x08007be0   0x00000004   Code   RO         2530    .text.RVBS_Init     r_divider_bus_voltage_sensor.o
    0x08007be4   0x08007be4   0x00000006   Code   RO         2616    .text.SPD_GetAvrgMecSpeedUnit  speed_pos_fdbk.o
    0x08007bea   0x08007bea   0x00000002   PAD
    0x08007bec   0x08007bec   0x00000006   Code   RO         2612    .text.SPD_GetElAngle  speed_pos_fdbk.o
    0x08007bf2   0x08007bf2   0x00000002   PAD
    0x08007bf4   0x08007bf4   0x00000006   Code   RO         2620    .text.SPD_GetInstElSpeedDpp  speed_pos_fdbk.o
    0x08007bfa   0x08007bfa   0x00000002   PAD
    0x08007bfc   0x08007bfc   0x00000004   Code   RO         2614    .text.SPD_GetMecAngle  speed_pos_fdbk.o
    0x08007c00   0x08007c00   0x00000014   Code   RO         2626    .text.SPD_GetS16Speed  speed_pos_fdbk.o
    0x08007c14   0x08007c14   0x00000058   Code   RO         2624    .text.SPD_IsMecSpeedReliable  speed_pos_fdbk.o
    0x08007c6c   0x08007c6c   0x00000054   Code   RO         2660    .text.STC_CalcTorqueReference  speed_torq_ctrl.o
    0x08007cc0   0x08007cc0   0x00000010   Code   RO         2646    .text.STC_Clear     speed_torq_ctrl.o
    0x08007cd0   0x08007cd0   0x0000009c   Code   RO         2656    .text.STC_ExecRamp  speed_torq_ctrl.o
    0x08007d6c   0x08007d6c   0x00000010   Code   RO         2676    .text.STC_ForceSpeedReferenceToCurrentSpeed  speed_torq_ctrl.o
    0x08007d7c   0x08007d7c   0x00000006   Code   RO         2672    .text.STC_GetDefaultIqdref  speed_torq_ctrl.o
    0x08007d82   0x08007d82   0x00000002   PAD
    0x08007d84   0x08007d84   0x00000006   Code   RO         2648    .text.STC_GetMecSpeedRefUnit  speed_torq_ctrl.o
    0x08007d8a   0x08007d8a   0x00000002   PAD
    0x08007d8c   0x08007d8c   0x00000006   Code   RO         2662    .text.STC_GetMecSpeedRefUnitDefault  speed_torq_ctrl.o
    0x08007d92   0x08007d92   0x00000002   PAD
    0x08007d94   0x08007d94   0x00000004   Code   RO         2644    .text.STC_GetSpeedSensor  speed_torq_ctrl.o
    0x08007d98   0x08007d98   0x00000006   Code   RO         2650    .text.STC_GetTorqueRef  speed_torq_ctrl.o
    0x08007d9e   0x08007d9e   0x00000002   PAD
    0x08007da0   0x08007da0   0x0000002a   Code   RO         2640    .text.STC_Init      speed_torq_ctrl.o
    0x08007dca   0x08007dca   0x00000002   PAD
    0x08007dcc   0x08007dcc   0x00000008   Code   RO         2652    .text.STC_SetControlMode  speed_torq_ctrl.o
    0x08007dd4   0x08007dd4   0x00000004   Code   RO         2642    .text.STC_SetSpeedSensor  speed_torq_ctrl.o
    0x08007dd8   0x08007dd8   0x00000008   Code   RO         2658    .text.STC_StopRamp  speed_torq_ctrl.o
    0x08007de0   0x08007de0   0x0000002e   Code   RO         2255    .text.SVC_Handler   port.o
    0x08007e0e   0x08007e0e   0x00000002   PAD
    0x08007e10   0x08007e10   0x0000000c   Code   RO          256    .text.StartSafetyTask  mc_tasks.o
    0x08007e1c   0x08007e1c   0x0000002e   Code   RO         2273    .text.SysTick_Handler  port.o
    0x08007e4a   0x08007e4a   0x00000002   PAD
    0x08007e4c   0x08007e4c   0x00000012   Code   RO         1847    .text.SystemInit    system_stm32l4xx.o
    0x08007e5e   0x08007e5e   0x00000002   PAD
    0x08007e60   0x08007e60   0x00000130   Code   RO         2378    .text.TC_EncAlignmentCommand  trajectory_ctrl.o
    0x08007f90   0x08007f90   0x000000a0   Code   RO         2368    .text.TC_FollowCommand  trajectory_ctrl.o
    0x08008030   0x08008030   0x00000006   Code   RO         2390    .text.TC_GetAlignmentStatus  trajectory_ctrl.o
    0x08008036   0x08008036   0x00000002   PAD
    0x08008038   0x08008038   0x00000006   Code   RO         2388    .text.TC_GetControlPositionStatus  trajectory_ctrl.o
    0x0800803e   0x0800803e   0x00000002   PAD
    0x08008040   0x08008040   0x00000024   Code   RO         2382    .text.TC_GetCurrentPosition  trajectory_ctrl.o
    0x08008064   0x08008064   0x00000006   Code   RO         2386    .text.TC_GetMoveDuration  trajectory_ctrl.o
    0x0800806a   0x0800806a   0x00000002   PAD
    0x0800806c   0x0800806c   0x00000006   Code   RO         2384    .text.TC_GetTargetPosition  trajectory_ctrl.o
    0x08008072   0x08008072   0x00000002   PAD
    0x08008074   0x08008074   0x0000003e   Code   RO         2364    .text.TC_Init       trajectory_ctrl.o
    0x080080b2   0x080080b2   0x00000002   PAD
    0x080080b4   0x080080b4   0x000000ea   Code   RO         2366    .text.TC_MoveCommand  trajectory_ctrl.o
    0x0800819e   0x0800819e   0x00000002   PAD
    0x080081a0   0x080081a0   0x00000104   Code   RO         2372    .text.TC_MoveExecution  trajectory_ctrl.o
    0x080082a4   0x080082a4   0x00000094   Code   RO         2370    .text.TC_PositionRegulation  trajectory_ctrl.o
    0x08008338   0x08008338   0x00000056   Code   RO          519    .text.TIM1_BRK_TIM15_IRQHandler  stm32l4xx_mc_it.o
    0x0800838e   0x0800838e   0x00000002   PAD
    0x08008390   0x08008390   0x0000001a   Code   RO          517    .text.TIM1_UP_TIM16_IRQHandler  stm32l4xx_mc_it.o
    0x080083aa   0x080083aa   0x00000002   PAD
    0x080083ac   0x080083ac   0x0000002a   Code   RO          521    .text.TIM3_IRQHandler  stm32l4xx_mc_it.o
    0x080083d6   0x080083d6   0x00000002   PAD
    0x080083d8   0x080083d8   0x0000000c   Code   RO          691    .text.TIM6_DAC_IRQHandler  stm32l4xx_it.o
    0x080083e4   0x080083e4   0x0000013e   Code   RO         1359    .text.TIM_Base_SetConfig  stm32l4xx_hal_tim.o
    0x08008522   0x08008522   0x00000002   PAD
    0x08008524   0x08008524   0x000000da   Code   RO         1541    .text.TIM_SlaveTimer_SetConfig  stm32l4xx_hal_tim.o
    0x080085fe   0x080085fe   0x00000002   PAD
    0x08008600   0x08008600   0x00000012   Code   RO          236    .text.TSK_ChargeBootCapDelayHasElapsedM1  mc_tasks.o
    0x08008612   0x08008612   0x00000002   PAD
    0x08008614   0x08008614   0x00000024   Code   RO          252    .text.TSK_HardwareFaultTask  mc_tasks.o
    0x08008638   0x08008638   0x0000011e   Code   RO          244    .text.TSK_HighFrequencyTask  mc_tasks.o
    0x08008756   0x08008756   0x00000002   PAD
    0x08008758   0x08008758   0x0000004c   Code   RO          228    .text.TSK_MF_StopProcessing  mc_tasks.o
    0x080087a4   0x080087a4   0x00000346   Code   RO          232    .text.TSK_MediumFrequencyTaskM1  mc_tasks.o
    0x08008aea   0x08008aea   0x00000002   PAD
    0x08008aec   0x08008aec   0x00000020   Code   RO          246    .text.TSK_SafetyTask  mc_tasks.o
    0x08008b0c   0x08008b0c   0x000000d4   Code   RO          248    .text.TSK_SafetyTask_PWMOFF  mc_tasks.o
    0x08008be0   0x08008be0   0x0000000c   Code   RO          234    .text.TSK_SetChargeBootCapDelayM1  mc_tasks.o
    0x08008bec   0x08008bec   0x0000000c   Code   RO          230    .text.TSK_SetStopPermanencyTimeM1  mc_tasks.o
    0x08008bf8   0x08008bf8   0x00000012   Code   RO          242    .text.TSK_StopPermanencyTimeHasElapsedM1  mc_tasks.o
    0x08008c0a   0x08008c0a   0x00000002   PAD
    0x08008c0c   0x08008c0c   0x000000e8   Code   RO         1684    .text.UART_AdvFeatureConfig  stm32l4xx_hal_uart.o
    0x08008cf4   0x08008cf4   0x00000168   Code   RO         1688    .text.UART_CheckIdleState  stm32l4xx_hal_uart.o
    0x08008e5c   0x08008e5c   0x00000268   Code   RO         1686    .text.UART_SetConfig  stm32l4xx_hal_uart.o
    0x080090c4   0x080090c4   0x000002ca   Code   RO         1702    .text.UART_WaitOnFlagUntilTimeout  stm32l4xx_hal_uart.o
    0x0800938e   0x0800938e   0x00000002   PAD
    0x08009390   0x08009390   0x00000048   Code   RO          623    .text.UASPEP_IDLE_ENABLE  usart_aspep_driver.o
    0x080093d8   0x080093d8   0x0000014c   Code   RO          613    .text.UASPEP_INIT   usart_aspep_driver.o
    0x08009524   0x08009524   0x00000040   Code   RO          621    .text.UASPEP_RECEIVE_BUFFER  usart_aspep_driver.o
    0x08009564   0x08009564   0x0000003a   Code   RO          619    .text.UASPEP_SEND_PACKET  usart_aspep_driver.o
    0x0800959e   0x0800959e   0x00000002   PAD
    0x080095a0   0x080095a0   0x00000018   Code   RO          258    .text.UI_HandleStartStopButton_cb  mc_tasks.o
    0x080095b8   0x080095b8   0x000001f6   Code   RO          525    .text.USART2_IRQHandler  stm32l4xx_mc_it.o
    0x080097ae   0x080097ae   0x00000002   PAD
    0x080097b0   0x080097b0   0x0000000a   Code   RO         2291    .text.VBS_GetAvBusVoltage_V  bus_voltage_sensor.o
    0x080097ba   0x080097ba   0x00000002   PAD
    0x080097bc   0x080097bc   0x0000001a   Code   RO         2688    .text.VSS_Clear     virtual_speed_sensor.o
    0x080097d6   0x080097d6   0x00000002   PAD
    0x080097d8   0x080097d8   0x00000004   Code   RO         2686    .text.VSS_Init      virtual_speed_sensor.o
    0x080097dc   0x080097dc   0x00000094   Code   RO         2696    .text.VSS_SetMecAcceleration  virtual_speed_sensor.o
    0x08009870   0x08009870   0x0000000e   Code   RO         2694    .text.VSS_SetMecAngle  virtual_speed_sensor.o
    0x0800987e   0x0800987e   0x00000002   PAD
    0x08009880   0x08009880   0x00000566   Code   RO           11    .text.main          main.o
    0x08009de6   0x08009de6   0x00000002   PAD
    0x08009de8   0x08009de8   0x0000014e   Code   RO          260    .text.mc_lock_pins  mc_tasks.o
    0x08009f36   0x08009f36   0x00000002   PAD
    0x08009f38   0x08009f38   0x0000000a   Code   RO         2115    .text.osKernelStart  cmsis_os.o
    0x08009f42   0x08009f42   0x00000002   PAD
    0x08009f44   0x08009f44   0x0000005c   Code   RO         2121    .text.osThreadCreate  cmsis_os.o
    0x08009fa0   0x08009fa0   0x000000fc   Code   RO         2013    .text.prvAddNewTaskToReadyList  tasks.o
    0x0800a09c   0x0800a09c   0x00000086   Code   RO         2043    .text.prvIdleTask   tasks.o
    0x0800a122   0x0800a122   0x00000002   PAD
    0x0800a124   0x0800a124   0x00000118   Code   RO         2011    .text.prvInitialiseNewTask  tasks.o
    0x0800a23c   0x0800a23c   0x00000028   Code   RO         2263    .text.prvPortStartFirstTask  port.o
    0x0800a264   0x0800a264   0x0000003e   Code   RO         2253    .text.prvTaskExitError  port.o
    0x0800a2a2   0x0800a2a2   0x00000002   PAD
    0x0800a2a4   0x0800a2a4   0x0000020a   Code   RO         2229    .text.pvPortMalloc  heap_4.o
    0x0800a4ae   0x0800a4ae   0x00000002   PAD
    0x0800a4b0   0x0800a4b0   0x00000028   Code   RO         2251    .text.pxPortInitialiseStack  port.o
    0x0800a4d8   0x0800a4d8   0x0000000c   Code   RO          254    .text.startMediumFrequencyTask  mc_tasks.o
    0x0800a4e4   0x0800a4e4   0x00000062   Code   RO         2518    .text.startTimers   pwm_common.o
    0x0800a546   0x0800a546   0x00000002   PAD
    0x0800a548   0x0800a548   0x00000024   Code   RO         1900    .text.uxListRemove  list.o
    0x0800a56c   0x0800a56c   0x0000001a   Code   RO           39    .text.vApplicationGetIdleTaskMemory  freertos.o
    0x0800a586   0x0800a586   0x00000002   PAD
    0x0800a588   0x0800a588   0x00000016   Code   RO         1892    .text.vListInitialise  list.o
    0x0800a59e   0x0800a59e   0x00000002   PAD
    0x0800a5a0   0x0800a5a0   0x00000006   Code   RO         1894    .text.vListInitialiseItem  list.o
    0x0800a5a6   0x0800a5a6   0x00000002   PAD
    0x0800a5a8   0x0800a5a8   0x00000062   Code   RO         1898    .text.vListInsert   list.o
    0x0800a60a   0x0800a60a   0x00000002   PAD
    0x0800a60c   0x0800a60c   0x0000001c   Code   RO         1896    .text.vListInsertEnd  list.o
    0x0800a628   0x0800a628   0x00000014   Code   RO         2261    .text.vPortEnableVFP  port.o
    0x0800a63c   0x0800a63c   0x00000046   Code   RO         2267    .text.vPortEnterCritical  port.o
    0x0800a682   0x0800a682   0x00000002   PAD
    0x0800a684   0x0800a684   0x0000002e   Code   RO         2269    .text.vPortExitCritical  port.o
    0x0800a6b2   0x0800a6b2   0x00000002   PAD
    0x0800a6b4   0x0800a6b4   0x000000d4   Code   RO         2231    .text.vPortFree     heap_4.o
    0x0800a788   0x0800a788   0x0000001c   Code   RO           52    .text.vPortSetupTimerInterrupt  motorcontrol.o
    0x0800a7a4   0x0800a7a4   0x0000009e   Code   RO         2019    .text.vTaskDelay    tasks.o
    0x0800a842   0x0800a842   0x00000002   PAD
    0x0800a844   0x0800a844   0x000000cc   Code   RO         2041    .text.vTaskStartScheduler  tasks.o
    0x0800a910   0x0800a910   0x00000010   Code   RO         2021    .text.vTaskSuspendAll  tasks.o
    0x0800a920   0x0800a920   0x0000006e   Code   RO         2035    .text.vTaskSwitchContext  tasks.o
    0x0800a98e   0x0800a98e   0x00000002   PAD
    0x0800a990   0x0800a990   0x0000004c   Code   RO         2520    .text.waitForPolarizationEnd  pwm_common.o
    0x0800a9dc   0x0800a9dc   0x00000184   Code   RO         2257    .text.xPortStartScheduler  port.o
    0x0800ab60   0x0800ab60   0x00000060   Code   RO         2015    .text.xTaskCreate   tasks.o
    0x0800abc0   0x0800abc0   0x00000076   Code   RO         2009    .text.xTaskCreateStatic  tasks.o
    0x0800ac36   0x0800ac36   0x00000002   PAD
    0x0800ac38   0x0800ac38   0x00000106   Code   RO         2047    .text.xTaskIncrementTick  tasks.o
    0x0800ad3e   0x0800ad3e   0x00000002   PAD
    0x0800ad40   0x0800ad40   0x000000ea   Code   RO         2025    .text.xTaskResumeAll  tasks.o
    0x0800ae2a   0x0800ae2a   0x0000001a   Code   RO         2917    x$fpl$fpinit        fz_wm.l(fpinit.o)
    0x0800ae44   0x0800ae44   0x00000008   Data   RO          578    .rodata..L__const.RI_GetRegCommandParser.GetRegFcts  mcp.o
    0x0800ae4c   0x0800ae4c   0x00000008   Data   RO          577    .rodata..L__const.RI_SetRegCommandParser.SetRegFcts  mcp.o
    0x0800ae54   0x0800ae54   0x0000001c   Data   RO           22    .rodata..L__const.main.os_thread_def_mediumFrequency  main.o
    0x0800ae70   0x0800ae70   0x0000001c   Data   RO           23    .rodata..L__const.main.os_thread_def_safety  main.o
    0x0800ae8c   0x0800ae8c   0x00000010   Data   RO         1852    .rodata.AHBPrescTable  system_stm32l4xx.o
    0x0800ae9c   0x0800ae9c   0x00000008   Data   RO         1853    .rodata.APBPrescTable  system_stm32l4xx.o
    0x0800aea4   0x0800aea4   0x00000007   Data   RO          625    .rodata.CHANNEL_OFFSET_TAB  usart_aspep_driver.o
    0x0800aeab   0x0800aeab   0x00000100   Data   RO          670    .rodata.CRC4_Lookup8  aspep.o
    0x0800afab   0x0800afab   0x0000000e   Data   RO          634    .rodata.CTL_BOARD   mc_configuration_registers.o
    0x0800afb9   0x0800afb9   0x00000014   Data   RO          635    .rodata.FIRMWARE_NAME  mc_configuration_registers.o
    0x0800afcd   0x0800afcd   0x00000003   PAD
    0x0800afd0   0x0800afd0   0x00000010   Data   RO          643    .rodata.M1_ApplicationConfig_reg  mc_configuration_registers.o
    0x0800afe0   0x0800afe0   0x0000000e   Data   RO          639    .rodata.M1_FOCConfig_reg  mc_configuration_registers.o
    0x0800afee   0x0800afee   0x00000002   PAD
    0x0800aff0   0x0800aff0   0x0000003c   Data   RO          641    .rodata.M1_MotorConfig_reg  mc_configuration_registers.o
    0x0800b02c   0x0800b02c   0x00000011   Data   RO          637    .rodata.M1_PWR_BOARD  mc_configuration_registers.o
    0x0800b03d   0x0800b03d   0x00000003   PAD
    0x0800b040   0x0800b040   0x00000030   Data   RO         1854    .rodata.MSIRangeTable  system_stm32l4xx.o
    0x0800b070   0x0800b070   0x00000030   Data   RO          539    .rodata.R3_1_ParamsM1  mc_parameters.o
    0x0800b0a0   0x0800b0a0   0x00000010   Data   RO          671    .rodata.cst16       aspep.o
    0x0800b0b0   0x0800b0b0   0x00000010   Data   RO         1806    .rodata.cst16       stm32l4xx_hal_uart.o
    0x0800b0c0   0x0800b0c0   0x0000000a   Data   RO          636    .rodata.globalConfig_reg  mc_configuration_registers.o
    0x0800b0ca   0x0800b0ca   0x00000200   Data   RO          382    .rodata.hSin_Cos_Table  mc_math.o
    0x0800b2ca   0x0800b2ca   0x00000017   Data   RO           21    .rodata.str1.1      main.o
    0x0800b2e1   0x0800b2e1   0x00000003   PAD
    0x0800b2e4   0x0800b2e4   0x00000020   Data   RO         2978    Region$$Table       anon$$obj.o


    Execution Region RW_IRAM2 (Exec base: 0x10000000, Load base: 0x0800b4c8, Size: 0x00000000, Max: 0x00008000, ABSOLUTE)

    **** No section assigned to this execution region ****


    Execution Region RW_IRAM1 (Exec base: 0x20000000, Load base: 0x0800b308, Size: 0x00002f30, Max: 0x00018000, ABSOLUTE, COMPRESSED[0x000001c0])

    Exec Addr    Load Addr    Size         Type   Attr      Idx    E Section Name        Object

    0x20000000   COMPRESSED   0x00000008   Data   RW          935    .data..L_MergedGlobals  stm32l4xx_hal.o
    0x20000008   COMPRESSED   0x00000004   Data   RW          644    .data.ApplicationConfig_reg  mc_configuration_registers.o
    0x2000000c   COMPRESSED   0x0000001c   Data   RW          187    .data.BusVoltageSensor_M1  mc_config.o
    0x20000028   COMPRESSED   0x00000004   Data   RW          189    .data.CircleLimitationM1  mc_config.o
    0x2000002c   COMPRESSED   0x00000080   Data   RW          181    .data.ENCODER_M1    mc_config.o
    0x200000ac   COMPRESSED   0x0000001c   Data   RW          182    .data.EncAlignCtrlM1  mc_config.o
    0x200000c8   COMPRESSED   0x00000004   Data   RW          640    .data.FOCConfig_reg  mc_configuration_registers.o
    0x200000cc   COMPRESSED   0x0000002c   Data   RW          213    .data.MCPA_UART_A   mcp_config.o
    0x200000f8   COMPRESSED   0x00000010   Data   RW          208    .data.MCP_Over_UartA  mcp_config.o
    0x20000108   COMPRESSED   0x00000004   Data   RW          642    .data.MotorConfig_reg  mc_configuration_registers.o
    0x2000010c   COMPRESSED   0x0000002c   Data   RW          175    .data.PIDIdHandle_M1  mc_config.o
    0x20000138   COMPRESSED   0x0000002c   Data   RW          174    .data.PIDIqHandle_M1  mc_config.o
    0x20000164   COMPRESSED   0x0000002c   Data   RW          173    .data.PIDSpeedHandle_M1  mc_config.o
    0x20000190   COMPRESSED   0x0000002c   Data   RW          176    .data.PID_PosParamsM1  mc_config.o
    0x200001bc   COMPRESSED   0x00000010   Data   RW          172    .data.PQD_MotorPowMeasM1  mc_config.o
    0x200001cc   COMPRESSED   0x000000a4   Data   RW          179    .data.PWM_Handle_M1  mc_config.o
    0x20000270   COMPRESSED   0x00000004   Data   RW          638    .data.PWR_BOARD_NAME  mc_configuration_registers.o
    0x20000274   COMPRESSED   0x00000070   Data   RW          177    .data.PosCtrlM1     mc_config.o
    0x200002e4   COMPRESSED   0x00000018   Data   RW          188    .data.RampExtMngrHFParamsM1  mc_config.o
    0x200002fc   COMPRESSED   0x00000034   Data   RW          178    .data.SpeednTorqCtrlM1  mc_config.o
    0x20000330   COMPRESSED   0x00000004   Data   RW         1851    .data.SystemCoreClock  system_stm32l4xx.o
    0x20000334   COMPRESSED   0x00000010   Data   RW          183    .data.TempRegConv_M1  mc_config.o
    0x20000344   COMPRESSED   0x0000001c   Data   RW          184    .data.TempSensor_M1  mc_config.o
    0x20000360   COMPRESSED   0x00000014   Data   RW          202    .data.UASPEP_A      mcp_config.o
    0x20000374   COMPRESSED   0x00000010   Data   RW          185    .data.VbusRegConv_M1  mc_config.o
    0x20000384   COMPRESSED   0x00000038   Data   RW          180    .data.VirtualSpeedSensorM1  mc_config.o
    0x200003bc   COMPRESSED   0x00000074   Data   RW          207    .data.aspepOverUartA  mcp_config.o
    0x20000430   COMPRESSED   0x00000004   Data   RW          194    .data.pMPM          mc_config.o
    0x20000434   COMPRESSED   0x00000004   Data   RW          193    .data.pPIDId        mc_config.o
    0x20000438   COMPRESSED   0x00000004   Data   RW          192    .data.pPIDIq        mc_config.o
    0x2000043c   COMPRESSED   0x00000004   Data   RW          195    .data.pPosCtrl      mc_config.o
    0x20000440   COMPRESSED   0x00000004   Data   RW          190    .data.pSTC          mc_config.o
    0x20000444   COMPRESSED   0x00000010   Data   RW          540    .data.scaleParams_M1  mc_parameters.o
    0x20000454   COMPRESSED   0x00000004   Data   RW         2277    .data.uxCriticalNesting  port.o
    0x20000458        -       0x00000060   Zero   RW         2843    .bss                c_w.l(libspace.o)
    0x200004b8        -       0x00000054   Zero   RW           30    .bss..L_MergedGlobals  main.o
    0x2000050c        -       0x00000064   Zero   RW          262    .bss..L_MergedGlobals  mc_tasks.o
    0x20000570        -       0x00000038   Zero   RW          361    .bss..L_MergedGlobals  regular_conversion_manager.o
    0x200005a8        -       0x00000078   Zero   RW         2104    .bss..L_MergedGlobals  tasks.o
    0x20000620        -       0x00000020   Zero   RW         2242    .bss..L_MergedGlobals  heap_4.o
    0x20000640        -       0x00000008   Zero   RW         2278    .bss..L_MergedGlobals  port.o
    0x20000648        -       0x00000028   Zero   RW         2105    .bss..L_MergedGlobals.1  tasks.o
    0x20000670        -       0x00000004   Zero   RW         2780    .bss.GLOBAL_TIMESTAMP  mcpa.o
    0x20000674        -       0x00000806   Zero   RW          205    .bss.MCPAsyncBuffUARTA_A  mcp_config.o
    0x20000e7a   COMPRESSED   0x00000002   PAD
    0x20000e7c        -       0x00000806   Zero   RW          206    .bss.MCPAsyncBuffUARTA_B  mcp_config.o
    0x20001682   COMPRESSED   0x00000002   PAD
    0x20001684        -       0x00000082   Zero   RW          203    .bss.MCPSyncRXBuff  mcp_config.o
    0x20001706   COMPRESSED   0x00000002   PAD
    0x20001708        -       0x00000086   Zero   RW          204    .bss.MCPSyncTxBuff  mcp_config.o
    0x2000178e   COMPRESSED   0x00000002   PAD
    0x20001790        -       0x00000008   Zero   RW          214    .bss.MCP_UserCallBack  mcp_config.o
    0x20001798        -       0x00000030   Zero   RW          196    .bss.Mci            mc_config.o
    0x200017c8        -       0x00000002   Zero   RW          560    .bss.RI_GetPtrReg.nullData16  register_interface.o
    0x200017ca        -       0x0000000c   Zero   RW          186    .bss.RealBusVoltageSensorFilterBufferM1  mc_config.o
    0x200017d6   COMPRESSED   0x00000002   PAD
    0x200017d8        -       0x00000028   Zero   RW          209    .bss.dataPtrTableA  mcp_config.o
    0x20001800        -       0x00000028   Zero   RW          210    .bss.dataPtrTableBuffA  mcp_config.o
    0x20001828        -       0x0000000a   Zero   RW          211    .bss.dataSizeTableA  mcp_config.o
    0x20001832        -       0x0000000a   Zero   RW          212    .bss.dataSizeTableBuffA  mcp_config.o
    0x2000183c        -       0x00000064   Zero   RW           24    .bss.hadc1          main.o
    0x200018a0        -       0x00000048   Zero   RW           27    .bss.hdma_usart2_rx  main.o
    0x200018e8        -       0x00000048   Zero   RW           28    .bss.hdma_usart2_tx  main.o
    0x20001930        -       0x0000004c   Zero   RW          729    .bss.htim6          stm32l4xx_hal_timebase_tim.o
    0x2000197c        -       0x00000088   Zero   RW           26    .bss.huart2         main.o
    0x20001a04        -       0x00000088   Zero   RW           25    .bss.huart4         main.o
    0x20001a8c        -       0x00000004   Zero   RW           54    .bss.pMCI           motorcontrol.o
    0x20001a90        -       0x0000008c   Zero   RW         2103    .bss.pxReadyTasksLists  tasks.o
    0x20001b1c        -       0x00000bb8   Zero   RW         2241    .bss.ucHeap         heap_4.o
    0x200026d4        -       0x00000004   Zero   RW          934    .bss.uwTick         stm32l4xx_hal.o
    0x200026d8        -       0x00000200   Zero   RW           42    .bss.xIdleStack     freertos.o
    0x200028d8        -       0x00000054   Zero   RW           41    .bss.xIdleTaskTCBBuffer  freertos.o
    0x2000292c   COMPRESSED   0x00000004   PAD
    0x20002930        -       0x00000200   Zero   RW            2    HEAP                startup_stm32l476xx.o
    0x20002b30        -       0x00000400   Zero   RW            1    STACK               startup_stm32l476xx.o


==============================================================================

Image component sizes


      Code (inc. data)   RO Data    RW Data    ZI Data      Debug   Object Name

      2292          0        272          0          0      15323   aspep.o
        10          0          0          0          0       1712   bus_voltage_sensor.o
        78          0          0          0          0       1812   circle_limitation.o
       102          0          0          0          0      25525   cmsis_os.o
       148          0          0          0          0       5816   enc_align_ctrl.o
       658          0          0          0          0       6880   encoder_speed_pos_fdbk.o
        26          0          0          0        596       1614   freertos.o
       734          0          0          0       3032       5708   heap_4.o
       190          0          0          0          0       2334   list.o
      1412          0         79          0        600      17562   main.o
        46          0          0          0          0      18362   mc_api.o
         4          0          0          0          0        490   mc_app_hooks.o
         0          0          0        868         60      13944   mc_config.o
         0          0        151         16          0       2139   mc_configuration_registers.o
       712          4          0          0          0      22917   mc_interface.o
       610          6        512          0          0       4151   mc_math.o
         0          0         48         16          0       2500   mc_parameters.o
       582         52          0          0          0       4464   mc_perf.o
      2652         24          0          0        100      18125   mc_tasks.o
       764         66         16          0          0      15315   mcp.o
         0          0          0        196       4480       4491   mcp_config.o
      1198          0          0          0          4       4921   mcpa.o
        50          0          0          0          4       9931   motorcontrol.o
       134          0          0          0          0       2865   ntc_temperature_sensor.o
       356          0          0          0          0       6284   pid_regulator.o
       880         16          0          4          8       4107   port.o
        98          0          0          0          0       2469   pqd_motor_power_measurement.o
       174          0          0          0          0       3816   pwm_common.o
       786          0          0          0          0      12025   pwm_curr_fdbk.o
      2890          0          0          0          0      24110   r3_1_l4xx_pwm_curr_fdbk.o
       346          0          0          0          0       2962   r_divider_bus_voltage_sensor.o
        16          0          0          0          0       3311   ramp_ext_mngr.o
      4702        298          0          0          2      31052   register_interface.o
       658          0          0          0         56       6173   regular_conversion_manager.o
       130          0          0          0          0       3585   speed_pos_fdbk.o
       362          0          0          0          0       7114   speed_torq_ctrl.o
        64         26        392          0       1536        852   startup_stm32l476xx.o
        84          0          0          8          4       9226   stm32l4xx_hal.o
      1424         16          0          0          0      27469   stm32l4xx_hal_adc.o
      1350          0          0          0          0      21256   stm32l4xx_hal_adc_ex.o
       194          0          0          0          0      10492   stm32l4xx_hal_cortex.o
       204          0          0          0          0       7797   stm32l4xx_hal_dma.o
       540          0          0          0          0       5579   stm32l4xx_hal_gpio.o
       844          0          0          0          0      13522   stm32l4xx_hal_msp.o
       156          0          0          0          0      10076   stm32l4xx_hal_pwr_ex.o
      2898          0          0          0          0      12038   stm32l4xx_hal_rcc.o
      1688          8          0          0          0      14261   stm32l4xx_hal_rcc_ex.o
      2278         22          0          0          0      60072   stm32l4xx_hal_tim.o
       672        128          0          0          0      23214   stm32l4xx_hal_tim_ex.o
       188          0          0          0         76       7406   stm32l4xx_hal_timebase_tim.o
      2018         48         16          0          0      35028   stm32l4xx_hal_uart.o
        12          0          0          0          0       3638   stm32l4xx_it.o
       740          0          0          0          0      12676   stm32l4xx_mc_it.o
        18          0         72          4          0       2946   system_stm32l4xx.o
      1864          8          0          0        300      28411   tasks.o
      1228         24          0          0          0       9878   trajectory_ctrl.o
       526          0          7          0          0       7296   usart_aspep_driver.o
       192          0          0          0          0       5770   virtual_speed_sensor.o

    ----------------------------------------------------------------------
     43290        746       1608       1112      10872     644812   Object Totals
         0          0         32          0          0          0   (incl. Generated)
       308          0         11          0         14          0   (incl. Padding)

    ----------------------------------------------------------------------

      Code (inc. data)   RO Data    RW Data    ZI Data      Debug   Library Member Name

        90          0          0          0          0          0   __dczerorl2.o
         8          0          0          0          0         68   __main.o
         0          0          0          0          0          0   __rtentry.o
        12          0          0          0          0          0   __rtentry2.o
         6          0          0          0          0          0   __rtentry4.o
        52          8          0          0          0          0   __scatter.o
        28          0          0          0          0          0   __scatter_zi.o
        18          0          0          0          0         80   exit.o
         6          0          0          0          0        152   heapauxi.o
         0          0          0          0          0          0   indicate_semi.o
         2          0          0          0          0          0   libinit.o
         6          0          0          0          0          0   libinit2.o
         2          0          0          0          0          0   libshutdown.o
         2          0          0          0          0          0   libshutdown2.o
         8          4          0          0         96         68   libspace.o
       240          0          0          0          0        100   lludivv7m.o
        78          0          0          0          0         80   rt_memclr_w.o
       138          0          0          0          0         68   rt_memcpy_v6.o
       100          0          0          0          0         80   rt_memcpy_w.o
         2          0          0          0          0          0   rtexit.o
        10          0          0          0          0          0   rtexit2.o
        12          4          0          0          0         68   sys_exit.o
        74          0          0          0          0         80   sys_stackheap_outer.o
         2          0          0          0          0         68   use_no_semi.o
        26          0          0          0          0        116   fpinit.o

    ----------------------------------------------------------------------
       930         16          0          0         96       1028   Library Totals
         8          0          0          0          0          0   (incl. Padding)

    ----------------------------------------------------------------------

      Code (inc. data)   RO Data    RW Data    ZI Data      Debug   Library Name

       896         16          0          0         96        912   c_w.l
        26          0          0          0          0        116   fz_wm.l

    ----------------------------------------------------------------------
       930         16          0          0         96       1028   Library Totals

    ----------------------------------------------------------------------

==============================================================================


      Code (inc. data)   RO Data    RW Data    ZI Data      Debug   

     44220        762       1608       1112      10968     644436   Grand Totals
     44220        762       1608        448      10968     644436   ELF Image Totals (compressed)
     44220        762       1608        448          0          0   ROM Totals

==============================================================================

    Total RO  Size (Code + RO Data)                45828 (  44.75kB)
    Total RW  Size (RW Data + ZI Data)             12080 (  11.80kB)
    Total ROM Size (Code + RO Data + RW Data)      46276 (  45.19kB)

==============================================================================

