<html>
<body>
<pre>
<h1>µVision Build Log</h1>
<h2>Tool Versions:</h2>
IDE-Version: µVision V5.37.0.0
Copyright (C) 2022 ARM Ltd and ARM Germany GmbH. All rights reserved.
License Information: Younes ep_ygh nanoTRONIC Flex license: MDK Essential 5.37 (Flex): 3 user(s) (mdk_essential) Support: Dec 2024
 
Tool Versions:
Toolchain:       MDK Essential 5.37 (Flex): 3 user(s)  Version: 5.37.0.0
Toolchain Path:  C:\Keil_v5\ARM\ARMCLANG\Bin
C Compiler:      ArmClang.exe V6.18
Assembler:       Armasm.exe V6.18
Linker/Locator:  ArmLink.exe V6.18
Library Manager: ArmAr.exe V6.18
Hex Converter:   FromElf.exe V6.18
CPU DLL:         SARMCM3.DLL V5.37.0.0
Dialog DLL:      DCM.DLL V1.17.5.0
Target DLL:      STLink\ST-LINKIII-KEIL_SWO.dll V3.0.9.0
Dialog DLL:      TCM.DLL V1.56.1.0
 
<h2>Project:</h2>
C:\Users\ep_ygh\Work\motor_control\Test_LenseDrive\MDK-ARM\Test_LenseDrive.uvprojx
Project File Date:  04/10/2024

<h2>Output:</h2>
*** Using Compiler 'V6.18', folder: 'C:\Keil_v5\ARM\ARMCLANG\Bin'
Rebuild target 'Test_LenseDrive'
assembling startup_stm32l476xx.s...
compiling mcp_config.c...
compiling motorcontrol.c...
compiling mc_config.c...
compiling freertos.c...
compiling mc_api.c...
compiling regular_conversion_manager.c...
compiling pwm_curr_fdbk.c...
compiling mc_math.c...
compiling main.c...
compiling mc_tasks.c...
compiling mc_interface.c...
compiling mc_perf.c...
compiling mc_parameters.c...
compiling stm32l4xx_mc_it.c...
compiling mc_configuration_registers.c...
compiling mc_app_hooks.c...
compiling stm32l4xx_it.c...
compiling mcp.c...
compiling usart_aspep_driver.c...
compiling aspep.c...
compiling stm32l4xx_hal_timebase_tim.c...
compiling register_interface.c...
compiling stm32l4xx_hal_msp.c...
compiling stm32l4xx_hal.c...
compiling stm32l4xx_hal_i2c.c...
compiling stm32l4xx_hal_flash.c...
compiling stm32l4xx_hal_flash_ramfunc.c...
compiling stm32l4xx_hal_i2c_ex.c...
compiling stm32l4xx_hal_flash_ex.c...
compiling stm32l4xx_hal_rcc.c...
compiling stm32l4xx_hal_adc_ex.c...
compiling stm32l4xx_hal_rcc_ex.c...
compiling stm32l4xx_hal_gpio.c...
compiling stm32l4xx_hal_adc.c...
compiling stm32l4xx_hal_dma_ex.c...
compiling stm32l4xx_hal_dma.c...
compiling stm32l4xx_hal_pwr.c...
compiling stm32l4xx_hal_cortex.c...
compiling stm32l4xx_hal_exti.c...
compiling stm32l4xx_hal_pwr_ex.c...
compiling croutine.c...
compiling system_stm32l4xx.c...
compiling list.c...
compiling event_groups.c...
compiling stm32l4xx_hal_uart_ex.c...
compiling timers.c...
compiling stm32l4xx_hal_tim_ex.c...
compiling stream_buffer.c...
compiling queue.c...
compiling heap_4.c...
compiling port.c...
compiling tasks.c...
compiling cmsis_os.c...
compiling stm32l4xx_hal_uart.c...
compiling stm32l4xx_hal_tim.c...
compiling bus_voltage_sensor.c...
compiling circle_limitation.c...
compiling enc_align_ctrl.c...
compiling open_loop.c...
compiling digital_output.c...
compiling trajectory_ctrl.c...
compiling encoder_speed_pos_fdbk.c...
compiling ntc_temperature_sensor.c...
compiling pqd_motor_power_measurement.c...
compiling pwm_common.c...
compiling pid_regulator.c...
compiling r_divider_bus_voltage_sensor.c...
compiling ramp_ext_mngr.c...
compiling speed_pos_fdbk.c...
compiling speed_torq_ctrl.c...
compiling mcpa.c...
compiling revup_ctrl.c...
compiling virtual_speed_sensor.c...
compiling r3_1_l4xx_pwm_curr_fdbk.c...
linking...
Program Size: Code=44220 RO-data=1608 RW-data=1112 ZI-data=10968  
FromELF: creating hex file...
"Test_LenseDrive\Test_LenseDrive.axf" - 0 Error(s), 0 Warning(s).

<h2>Software Packages used:</h2>

Package Vendor: ARM
                http://www.keil.com/pack/ARM.CMSIS.5.9.0.pack
                ARM.CMSIS.5.9.0
                CMSIS (Common Microcontroller Software Interface Standard)
   * Component: CORE Version: 5.6.0

Package Vendor: Keil
                http://www.keil.com/pack/Keil.STM32L4xx_DFP.2.6.1.pack
                Keil.STM32L4xx_DFP.2.6.1
                STMicroelectronics STM32L4 Series Device Support, Drivers and Examples

<h2>Collection of Component include folders:</h2>
  ./RTE/_Test_LenseDrive
  C:/Users/ep_ygh/AppData/Local/Arm/Packs/ARM/CMSIS/5.9.0/CMSIS/Core/Include
  C:/Users/ep_ygh/AppData/Local/Arm/Packs/Keil/STM32L4xx_DFP/2.6.1/Drivers/CMSIS/Device/ST/STM32L4xx/Include

<h2>Collection of Component Files used:</h2>

   * Component: ARM::CMSIS:CORE:5.6.0
Build Time Elapsed:  00:00:06
</pre>
</body>
</html>
